#
# There is insufficient memory for the Java Runtime Environment to continue.
# Native memory allocation (malloc) failed to allocate 1048576 bytes for AllocateHeap
# Possible reasons:
#   The system is out of physical RAM or swap space
#   The process is running with CompressedOops enabled, and the Java Heap may be blocking the growth of the native heap
# Possible solutions:
#   Reduce memory load on the system
#   Increase physical memory or swap space
#   Check if swap backing store is full
#   Decrease Java heap size (-Xmx/-Xms)
#   Decrease number of Java threads
#   Decrease Java thread stack sizes (-Xss)
#   Set larger code cache with -XX:ReservedCodeCacheSize=
#   JVM is running with Unscaled Compressed Oops mode in which the Java heap is
#     placed in the first 4GB address space. The Java Heap base address is the
#     maximum limit for the native heap growth. Please use -XX:HeapBaseMinAddress
#     to set the Java Heap base and to place the Java Heap above 4GB virtual address.
# This output file may be truncated or incomplete.
#
#  Out of Memory Error (allocation.cpp:44), pid=21780, tid=18720
#
# JRE version: Java(TM) SE Runtime Environment (21.0.10+8) (build 21.0.10+8-LTS-217)
# Java VM: Java HotSpot(TM) 64-Bit Server VM (21.0.10+8-LTS-217, mixed mode, emulated-client, sharing, tiered, compressed oops, compressed class ptrs, g1 gc, windows-amd64)
# No core dump will be written. Minidumps are not enabled by default on client versions of Windows
#

---------------  S U M M A R Y ------------

Command Line: -XX:TieredStopAtLevel=1 -Dspring.output.ansi.enabled=always -javaagent:C:\Program Files\JetBrains\IntelliJ IDEA 2025.3.3\lib\idea_rt.jar=64299 -Dfile.encoding=UTF-8 -Dsun.stdout.encoding=UTF-8 -Dsun.stderr.encoding=UTF-8 edu.co.sena.worksite.WorksiteApplication

Host: AMD Ryzen 5 5500U with Radeon Graphics         , 12 cores, 6G,  Windows 11 , 64 bit Build 26100 (10.0.26100.8246)
Time: Sat May 16 00:48:55 2026 Hora est. Pacífico, Sudamérica elapsed time: 165.132921 seconds (0d 0h 2m 45s)

---------------  T H R E A D  ---------------

Current thread (0x000001d44f842070):  VMThread "VM Thread"          [id=18720, stack(0x000000354cc00000,0x000000354cd00000) (1024K)]

Stack: [0x000000354cc00000,0x000000354cd00000]
Native frames: (J=compiled Java code, j=interpreted, Vv=VM code, C=native code)
V  [jvm.dll+0x6d0b59]
V  [jvm.dll+0x85fd56]
V  [jvm.dll+0x86224e]
V  [jvm.dll+0x862923]
V  [jvm.dll+0x282a16]
V  [jvm.dll+0xc11f7]
V  [jvm.dll+0x34c632]
V  [jvm.dll+0x346eee]
V  [jvm.dll+0x32f426]
V  [jvm.dll+0x371b44]
V  [jvm.dll+0x86861f]
V  [jvm.dll+0x8699ac]
V  [jvm.dll+0x869ee1]
V  [jvm.dll+0x86a183]
V  [jvm.dll+0x80a83d]
V  [jvm.dll+0x6cf3fd]
C  [ucrtbase.dll+0x37b0]
C  [KERNEL32.DLL+0x2e8d7]
C  [ntdll.dll+0x8c3fc]

VM_Operation (0x000000354c2fed70): G1CollectFull, mode: safepoint, requested by thread 0x000001d497afd140


---------------  P R O C E S S  ---------------

Threads class SMR info:
_java_thread_list=0x000001d495c78140, length=13, elements={
0x000001d44f85bfa0, 0x000001d44f85cbb0, 0x000001d44f85e1c0, 0x000001d44f865520,
0x000001d44f867270, 0x000001d44f868980, 0x000001d44f878e20, 0x000001d44fb1ac20,
0x000001d49512c5c0, 0x000001d44fdc8ef0, 0x000001d4962ef250, 0x000001d497afe4f0,
0x000001d497afd140
}

Java Threads: ( => current thread )
  0x000001d44f85bfa0 JavaThread "Reference Handler"          daemon [_thread_blocked, id=2748, stack(0x000000354cd00000,0x000000354ce00000) (1024K)]
  0x000001d44f85cbb0 JavaThread "Finalizer"                  daemon [_thread_blocked, id=15104, stack(0x000000354ce00000,0x000000354cf00000) (1024K)]
  0x000001d44f85e1c0 JavaThread "Signal Dispatcher"          daemon [_thread_blocked, id=8368, stack(0x000000354cf00000,0x000000354d000000) (1024K)]
  0x000001d44f865520 JavaThread "Attach Listener"            daemon [_thread_blocked, id=2276, stack(0x000000354d000000,0x000000354d100000) (1024K)]
  0x000001d44f867270 JavaThread "Service Thread"             daemon [_thread_blocked, id=12352, stack(0x000000354d100000,0x000000354d200000) (1024K)]
  0x000001d44f868980 JavaThread "Monitor Deflation Thread"   daemon [_thread_blocked, id=10676, stack(0x000000354d200000,0x000000354d300000) (1024K)]
  0x000001d44f878e20 JavaThread "C1 CompilerThread0"         daemon [_thread_blocked, id=13236, stack(0x000000354d300000,0x000000354d400000) (1024K)]
  0x000001d44fb1ac20 JavaThread "Common-Cleaner"             daemon [_thread_blocked, id=14036, stack(0x000000354d600000,0x000000354d700000) (1024K)]
  0x000001d49512c5c0 JavaThread "Monitor Ctrl-Break"         daemon [_thread_in_native, id=11464, stack(0x000000354d700000,0x000000354d800000) (1024K)]
  0x000001d44fdc8ef0 JavaThread "Notification Thread"        daemon [_thread_blocked, id=24620, stack(0x000000354d800000,0x000000354d900000) (1024K)]
  0x000001d4962ef250 JavaThread "mysql-cj-abandoned-connection-cleanup" daemon [_thread_blocked, id=8284, stack(0x000000354ea00000,0x000000354eb00000) (1024K)]
  0x000001d497afe4f0 JavaThread "DestroyJavaVM"                     [_thread_blocked, id=3884, stack(0x000000354c500000,0x000000354c600000) (1024K)]
  0x000001d497afd140 JavaThread "Thread-1"                          [_thread_blocked, id=2380, stack(0x000000354c200000,0x000000354c300000) (1024K)]
Total: 13

Other Threads:
=>0x000001d44f842070 VMThread "VM Thread"                           [id=18720, stack(0x000000354cc00000,0x000000354cd00000) (1024K)]
  0x000001d44f82e850 WatcherThread "VM Periodic Task Thread"        [id=5084, stack(0x000000354cb00000,0x000000354cc00000) (1024K)]
  0x000001d43f231740 WorkerThread "GC Thread#0"                     [id=3628, stack(0x000000354c600000,0x000000354c700000) (1024K)]
  0x000001d44f841cc0 WorkerThread "GC Thread#1"                     [id=21828, stack(0x000000354db00000,0x000000354dc00000) (1024K)]
  0x000001d44f841560 WorkerThread "GC Thread#2"                     [id=12628, stack(0x000000354dc00000,0x000000354dd00000) (1024K)]
  0x000001d44f842b80 WorkerThread "GC Thread#3"                     [id=2636, stack(0x000000354dd00000,0x000000354de00000) (1024K)]
  0x000001d44f842420 WorkerThread "GC Thread#4"                     [id=10672, stack(0x000000354de00000,0x000000354df00000) (1024K)]
  0x000001d44f8427d0 WorkerThread "GC Thread#5"                     [id=6092, stack(0x000000354df00000,0x000000354e000000) (1024K)]
  0x000001d4957911c0 WorkerThread "GC Thread#6"                     [id=14864, stack(0x000000354e200000,0x000000354e300000) (1024K)]
  0x000001d495790e10 WorkerThread "GC Thread#7"                     [id=23868, stack(0x000000354e300000,0x000000354e400000) (1024K)]
  0x000001d49578fba0 WorkerThread "GC Thread#8"                     [id=10404, stack(0x000000354e400000,0x000000354e500000) (1024K)]
  0x000001d49578ff50 WorkerThread "GC Thread#9"                     [id=24796, stack(0x000000354e500000,0x000000354e600000) (1024K)]
  0x000001d43f240180 ConcurrentGCThread "G1 Main Marker"            [id=4268, stack(0x000000354c700000,0x000000354c800000) (1024K)]
  0x000001d43f241a20 WorkerThread "G1 Conc#0"                       [id=6684, stack(0x000000354c800000,0x000000354c900000) (1024K)]
  0x000001d49578f440 WorkerThread "G1 Conc#1"                       [id=19100, stack(0x000000354e100000,0x000000354e200000) (1024K)]
  0x000001d495792430 WorkerThread "G1 Conc#2"                       [id=20476, stack(0x000000354e600000,0x000000354e700000) (1024K)]
  0x000001d44f6f51a0 ConcurrentGCThread "G1 Refine#0"               [id=10008, stack(0x000000354c900000,0x000000354ca00000) (1024K)]
  0x000001d44f6f6850 ConcurrentGCThread "G1 Service"                [id=16056, stack(0x000000354ca00000,0x000000354cb00000) (1024K)]
Total: 18

Threads with active compile tasks:
C1 CompilerThread0   165181 5881       1       org.apache.juli.logging.DirectJDKLog::isDebugEnabled (11 bytes)
Total: 1

VM state: at safepoint (normal execution)

VM Mutex/Monitor currently owned by a thread:  ([mutex/lock_event])
[0x00007ff86bb99f10] Threads_lock - owner thread: 0x000001d44f842070
[0x00007ff86bb9a010] Heap_lock - owner thread: 0x000001d497afd140

Heap address: 0x0000000092600000, size: 1754 MB, Compressed Oops mode: 32-bit

CDS archive(s) mapped at: [0x000001d450000000-0x000001d450c90000-0x000001d450c90000), size 13172736, SharedBaseAddress: 0x000001d450000000, ArchiveRelocationMode: 1.
Compressed class space mapped at: 0x000001d451000000-0x000001d491000000, reserved size: 1073741824
Narrow klass base: 0x000001d450000000, Narrow klass shift: 0, Narrow klass range: 0x100000000

GC Precious Log:
 CardTable entry size: 512
 Card Set container configuration: InlinePtr #cards 5 size 8 Array Of Cards #cards 12 size 40 Howl #buckets 4 coarsen threshold 1843 Howl Bitmap #cards 512 size 80 coarsen threshold 460 Card regions per heap region 1 cards per card region 2048
 CPUs: 12 total, 12 available
 Memory: 7013M
 Large Page Support: Disabled
 NUMA Support: Disabled
 Compressed Oops: Enabled (32-bit)
 Heap Region Size: 1M
 Heap Min Capacity: 8M
 Heap Initial Capacity: 110M
 Heap Max Capacity: 1754M
 Pre-touch: Disabled
 Parallel Workers: 10
 Concurrent Workers: 3
 Concurrent Refinement Workers: 10
 Periodic GC: Disabled

Heap:
 garbage-first heap   total 83968K, used 61440K [0x0000000092600000, 0x0000000100000000)
  region size 1024K, 39 young (39936K), 7 survivors (7168K)
 Metaspace       used 67220K, committed 68032K, reserved 1114112K
  class space    used 9601K, committed 9984K, reserved 1048576K

Heap Regions: E=young(eden), S=young(survivor), O=old, HS=humongous(starts), HC=humongous(continues), CS=collection set, F=free, TAMS=top-at-mark-start, PB=parsable bottom
|   0|0x0000000092600000, 0x0000000092700000, 0x0000000092700000|100%|HS|  |TAMS 0x0000000092600000| PB 0x0000000092600000| Complete 
|   1|0x0000000092700000, 0x0000000092800000, 0x0000000092800000|100%|HS|  |TAMS 0x0000000092700000| PB 0x0000000092700000| Complete 
|   2|0x0000000092800000, 0x0000000092900000, 0x0000000092900000|100%| O|  |TAMS 0x0000000092800000| PB 0x0000000092800000| Untracked 
|   3|0x0000000092900000, 0x0000000092a00000, 0x0000000092a00000|100%| O|  |TAMS 0x0000000092900000| PB 0x0000000092900000| Untracked 
|   4|0x0000000092a00000, 0x0000000092b00000, 0x0000000092b00000|100%| O|  |TAMS 0x0000000092a00000| PB 0x0000000092a00000| Untracked 
|   5|0x0000000092b00000, 0x0000000092c00000, 0x0000000092c00000|100%| O|  |TAMS 0x0000000092b00000| PB 0x0000000092b00000| Untracked 
|   6|0x0000000092c00000, 0x0000000092d00000, 0x0000000092d00000|100%| O|  |TAMS 0x0000000092c00000| PB 0x0000000092c00000| Untracked 
|   7|0x0000000092d00000, 0x0000000092e00000, 0x0000000092e00000|100%| O|  |TAMS 0x0000000092d00000| PB 0x0000000092d00000| Untracked 
|   8|0x0000000092e00000, 0x0000000092f00000, 0x0000000092f00000|100%| O|  |TAMS 0x0000000092e00000| PB 0x0000000092e00000| Untracked 
|   9|0x0000000092f00000, 0x0000000093000000, 0x0000000093000000|100%| O|  |TAMS 0x0000000092f00000| PB 0x0000000092f00000| Untracked 
|  10|0x0000000093000000, 0x0000000093100000, 0x0000000093100000|100%| O|  |TAMS 0x0000000093000000| PB 0x0000000093000000| Untracked 
|  11|0x0000000093100000, 0x0000000093200000, 0x0000000093200000|100%| O|  |TAMS 0x0000000093100000| PB 0x0000000093100000| Untracked 
|  12|0x0000000093200000, 0x0000000093300000, 0x0000000093300000|100%| O|  |TAMS 0x0000000093200000| PB 0x0000000093200000| Untracked 
|  13|0x0000000093300000, 0x0000000093400000, 0x0000000093400000|100%| O|  |TAMS 0x0000000093300000| PB 0x0000000093300000| Untracked 
|  14|0x0000000093400000, 0x0000000093500000, 0x0000000093500000|100%| O|  |TAMS 0x0000000093400000| PB 0x0000000093400000| Untracked 
|  15|0x0000000093500000, 0x0000000093600000, 0x0000000093600000|100%| O|  |TAMS 0x0000000093500000| PB 0x0000000093500000| Untracked 
|  16|0x0000000093600000, 0x0000000093700000, 0x0000000093700000|100%| O|Cm|TAMS 0x0000000093600000| PB 0x0000000093600000| Complete 
|  17|0x0000000093700000, 0x0000000093800000, 0x0000000093800000|100%| O|  |TAMS 0x0000000093700000| PB 0x0000000093700000| Untracked 
|  18|0x0000000093800000, 0x0000000093900000, 0x0000000093900000|100%| O|  |TAMS 0x0000000093800000| PB 0x0000000093800000| Untracked 
|  19|0x0000000093900000, 0x0000000093a00000, 0x0000000093a00000|100%| O|  |TAMS 0x0000000093900000| PB 0x0000000093900000| Untracked 
|  20|0x0000000093a00000, 0x0000000093a00000, 0x0000000093b00000|  0%| F|  |TAMS 0x0000000093a00000| PB 0x0000000093a00000| Untracked 
|  21|0x0000000093b00000, 0x0000000093b00000, 0x0000000093c00000|  0%| F|  |TAMS 0x0000000093b00000| PB 0x0000000093b00000| Untracked 
|  22|0x0000000093c00000, 0x0000000093c00000, 0x0000000093d00000|  0%| F|  |TAMS 0x0000000093c00000| PB 0x0000000093c00000| Untracked 
|  23|0x0000000093d00000, 0x0000000093e00000, 0x0000000093e00000|100%| S|CS|TAMS 0x0000000093d00000| PB 0x0000000093d00000| Complete 
|  24|0x0000000093e00000, 0x0000000093f00000, 0x0000000093f00000|100%| S|CS|TAMS 0x0000000093e00000| PB 0x0000000093e00000| Complete 
|  25|0x0000000093f00000, 0x0000000094000000, 0x0000000094000000|100%| S|CS|TAMS 0x0000000093f00000| PB 0x0000000093f00000| Complete 
|  26|0x0000000094000000, 0x0000000094100000, 0x0000000094100000|100%| S|CS|TAMS 0x0000000094000000| PB 0x0000000094000000| Complete 
|  27|0x0000000094100000, 0x0000000094200000, 0x0000000094200000|100%| S|CS|TAMS 0x0000000094100000| PB 0x0000000094100000| Complete 
|  28|0x0000000094200000, 0x0000000094300000, 0x0000000094300000|100%| S|CS|TAMS 0x0000000094200000| PB 0x0000000094200000| Complete 
|  29|0x0000000094300000, 0x0000000094400000, 0x0000000094400000|100%| S|CS|TAMS 0x0000000094300000| PB 0x0000000094300000| Complete 
|  30|0x0000000094400000, 0x0000000094400000, 0x0000000094500000|  0%| F|  |TAMS 0x0000000094400000| PB 0x0000000094400000| Untracked 
|  31|0x0000000094500000, 0x0000000094500000, 0x0000000094600000|  0%| F|  |TAMS 0x0000000094500000| PB 0x0000000094500000| Untracked 
|  32|0x0000000094600000, 0x0000000094600000, 0x0000000094700000|  0%| F|  |TAMS 0x0000000094600000| PB 0x0000000094600000| Untracked 
|  33|0x0000000094700000, 0x0000000094700000, 0x0000000094800000|  0%| F|  |TAMS 0x0000000094700000| PB 0x0000000094700000| Untracked 
|  34|0x0000000094800000, 0x0000000094800000, 0x0000000094900000|  0%| F|  |TAMS 0x0000000094800000| PB 0x0000000094800000| Untracked 
|  35|0x0000000094900000, 0x0000000094900000, 0x0000000094a00000|  0%| F|  |TAMS 0x0000000094900000| PB 0x0000000094900000| Untracked 
|  36|0x0000000094a00000, 0x0000000094a00000, 0x0000000094b00000|  0%| F|  |TAMS 0x0000000094a00000| PB 0x0000000094a00000| Untracked 
|  37|0x0000000094b00000, 0x0000000094b00000, 0x0000000094c00000|  0%| F|  |TAMS 0x0000000094b00000| PB 0x0000000094b00000| Untracked 
|  38|0x0000000094c00000, 0x0000000094c00000, 0x0000000094d00000|  0%| F|  |TAMS 0x0000000094c00000| PB 0x0000000094c00000| Untracked 
|  39|0x0000000094d00000, 0x0000000094d00000, 0x0000000094e00000|  0%| F|  |TAMS 0x0000000094d00000| PB 0x0000000094d00000| Untracked 
|  40|0x0000000094e00000, 0x0000000094e00000, 0x0000000094f00000|  0%| F|  |TAMS 0x0000000094e00000| PB 0x0000000094e00000| Untracked 
|  41|0x0000000094f00000, 0x0000000094f00000, 0x0000000095000000|  0%| F|  |TAMS 0x0000000094f00000| PB 0x0000000094f00000| Untracked 
|  42|0x0000000095000000, 0x0000000095000000, 0x0000000095100000|  0%| F|  |TAMS 0x0000000095000000| PB 0x0000000095000000| Untracked 
|  43|0x0000000095100000, 0x0000000095100000, 0x0000000095200000|  0%| F|  |TAMS 0x0000000095100000| PB 0x0000000095100000| Untracked 
|  44|0x0000000095200000, 0x0000000095200000, 0x0000000095300000|  0%| F|  |TAMS 0x0000000095200000| PB 0x0000000095200000| Untracked 
|  45|0x0000000095300000, 0x0000000095300000, 0x0000000095400000|  0%| F|  |TAMS 0x0000000095300000| PB 0x0000000095300000| Untracked 
|  46|0x0000000095400000, 0x0000000095400000, 0x0000000095500000|  0%| F|  |TAMS 0x0000000095400000| PB 0x0000000095400000| Untracked 
|  47|0x0000000095500000, 0x0000000095600000, 0x0000000095600000|100%| E|  |TAMS 0x0000000095500000| PB 0x0000000095500000| Complete 
|  48|0x0000000095600000, 0x0000000095700000, 0x0000000095700000|100%| E|CS|TAMS 0x0000000095600000| PB 0x0000000095600000| Complete 
|  49|0x0000000095700000, 0x0000000095800000, 0x0000000095800000|100%| E|CS|TAMS 0x0000000095700000| PB 0x0000000095700000| Complete 
|  50|0x0000000095800000, 0x0000000095900000, 0x0000000095900000|100%| E|CS|TAMS 0x0000000095800000| PB 0x0000000095800000| Complete 
|  51|0x0000000095900000, 0x0000000095a00000, 0x0000000095a00000|100%| E|CS|TAMS 0x0000000095900000| PB 0x0000000095900000| Complete 
|  52|0x0000000095a00000, 0x0000000095b00000, 0x0000000095b00000|100%| E|CS|TAMS 0x0000000095a00000| PB 0x0000000095a00000| Complete 
|  53|0x0000000095b00000, 0x0000000095c00000, 0x0000000095c00000|100%| E|CS|TAMS 0x0000000095b00000| PB 0x0000000095b00000| Complete 
|  54|0x0000000095c00000, 0x0000000095d00000, 0x0000000095d00000|100%| E|CS|TAMS 0x0000000095c00000| PB 0x0000000095c00000| Complete 
|  55|0x0000000095d00000, 0x0000000095e00000, 0x0000000095e00000|100%| E|CS|TAMS 0x0000000095d00000| PB 0x0000000095d00000| Complete 
|  56|0x0000000095e00000, 0x0000000095f00000, 0x0000000095f00000|100%| E|CS|TAMS 0x0000000095e00000| PB 0x0000000095e00000| Complete 
|  57|0x0000000095f00000, 0x0000000096000000, 0x0000000096000000|100%| E|  |TAMS 0x0000000095f00000| PB 0x0000000095f00000| Complete 
|  58|0x0000000096000000, 0x0000000096100000, 0x0000000096100000|100%| E|CS|TAMS 0x0000000096000000| PB 0x0000000096000000| Complete 
|  59|0x0000000096100000, 0x0000000096200000, 0x0000000096200000|100%| E|CS|TAMS 0x0000000096100000| PB 0x0000000096100000| Complete 
|  60|0x0000000096200000, 0x0000000096300000, 0x0000000096300000|100%| E|CS|TAMS 0x0000000096200000| PB 0x0000000096200000| Complete 
|  61|0x0000000096300000, 0x0000000096400000, 0x0000000096400000|100%| E|CS|TAMS 0x0000000096300000| PB 0x0000000096300000| Complete 
|  62|0x0000000096400000, 0x0000000096500000, 0x0000000096500000|100%| E|CS|TAMS 0x0000000096400000| PB 0x0000000096400000| Complete 
|  63|0x0000000096500000, 0x0000000096600000, 0x0000000096600000|100%| E|CS|TAMS 0x0000000096500000| PB 0x0000000096500000| Complete 
|  64|0x0000000096600000, 0x0000000096700000, 0x0000000096700000|100%| E|CS|TAMS 0x0000000096600000| PB 0x0000000096600000| Complete 
|  65|0x0000000096700000, 0x0000000096800000, 0x0000000096800000|100%| E|CS|TAMS 0x0000000096700000| PB 0x0000000096700000| Complete 
|  66|0x0000000096800000, 0x0000000096900000, 0x0000000096900000|100%| E|CS|TAMS 0x0000000096800000| PB 0x0000000096800000| Complete 
|  67|0x0000000096900000, 0x0000000096a00000, 0x0000000096a00000|100%| E|CS|TAMS 0x0000000096900000| PB 0x0000000096900000| Complete 
|  68|0x0000000096a00000, 0x0000000096b00000, 0x0000000096b00000|100%| E|CS|TAMS 0x0000000096a00000| PB 0x0000000096a00000| Complete 
|  69|0x0000000096b00000, 0x0000000096c00000, 0x0000000096c00000|100%| E|CS|TAMS 0x0000000096b00000| PB 0x0000000096b00000| Complete 
|  70|0x0000000096c00000, 0x0000000096d00000, 0x0000000096d00000|100%| E|CS|TAMS 0x0000000096c00000| PB 0x0000000096c00000| Complete 
|  71|0x0000000096d00000, 0x0000000096e00000, 0x0000000096e00000|100%| E|CS|TAMS 0x0000000096d00000| PB 0x0000000096d00000| Complete 
|  72|0x0000000096e00000, 0x0000000096f00000, 0x0000000096f00000|100%| E|CS|TAMS 0x0000000096e00000| PB 0x0000000096e00000| Complete 
|  73|0x0000000096f00000, 0x0000000097000000, 0x0000000097000000|100%| E|CS|TAMS 0x0000000096f00000| PB 0x0000000096f00000| Complete 
|  74|0x0000000097000000, 0x0000000097100000, 0x0000000097100000|100%| E|CS|TAMS 0x0000000097000000| PB 0x0000000097000000| Complete 
|  75|0x0000000097100000, 0x0000000097200000, 0x0000000097200000|100%| E|CS|TAMS 0x0000000097100000| PB 0x0000000097100000| Complete 
|  76|0x0000000097200000, 0x0000000097300000, 0x0000000097300000|100%| E|CS|TAMS 0x0000000097200000| PB 0x0000000097200000| Complete 
|  77|0x0000000097300000, 0x0000000097400000, 0x0000000097400000|100%| E|CS|TAMS 0x0000000097300000| PB 0x0000000097300000| Complete 
| 109|0x0000000099300000, 0x0000000099400000, 0x0000000099400000|100%| E|CS|TAMS 0x0000000099300000| PB 0x0000000099300000| Complete 
|1751|0x00000000ffd00000, 0x00000000ffe00000, 0x00000000ffe00000|100%| O|  |TAMS 0x00000000ffd00000| PB 0x00000000ffd00000| Untracked 
|1752|0x00000000ffe00000, 0x00000000fff00000, 0x00000000fff00000|100%| O|  |TAMS 0x00000000ffe00000| PB 0x00000000ffe00000| Untracked 
|1753|0x00000000fff00000, 0x0000000100000000, 0x0000000100000000|100%| O|  |TAMS 0x00000000fff00000| PB 0x00000000fff00000| Untracked 

Card table byte_map: [0x000001d44ad20000,0x000001d44b090000] _byte_map_base: 0x000001d44a88d000

Marking Bits: (CMBitMap*) 0x000001d43f231d60
 Bits: [0x000001d44b090000, 0x000001d44cbf8000)

Polling page: 0x000001d43d140000

Metaspace:

Usage:
  Non-class:     56.27 MB used.
      Class:      9.38 MB used.
       Both:     65.64 MB used.

Virtual space:
  Non-class space:       64.00 MB reserved,      56.69 MB ( 89%) committed,  1 nodes.
      Class space:        1.00 GB reserved,       9.75 MB ( <1%) committed,  1 nodes.
             Both:        1.06 GB reserved,      66.44 MB (  6%) committed. 

Chunk freelists:
   Non-Class:  7.26 MB
       Class:  6.10 MB
        Both:  13.37 MB

MaxMetaspaceSize: unlimited
CompressedClassSpaceSize: 1.00 GB
Initial GC threshold: 21.00 MB
Current GC threshold: 93.12 MB
CDS: on
 - commit_granule_bytes: 65536.
 - commit_granule_words: 8192.
 - virtual_space_node_default_size: 8388608.
 - enlarge_chunks_in_place: 1.
 - use_allocation_guard: 0.


Internal statistics:

num_allocs_failed_limit: 6.
num_arena_births: 1072.
num_arena_deaths: 0.
num_vsnodes_births: 2.
num_vsnodes_deaths: 0.
num_space_committed: 1062.
num_space_uncommitted: 0.
num_chunks_returned_to_freelist: 6.
num_chunks_taken_from_freelist: 3629.
num_chunk_merges: 6.
num_chunk_splits: 2609.
num_chunks_enlarged: 2010.
num_inconsistent_stats: 0.

CodeCache: size=49152Kb used=10344Kb max_used=11689Kb free=38807Kb
 bounds [0x000001d447670000, 0x000001d4481e0000, 0x000001d44a670000]
 total_blobs=6523 nmethods=5818 adapters=629
 compilation: enabled
              stopped_count=0, restarted_count=0
 full_count=0

Compilation events (20 events):
Event: 164.084 Thread 0x000001d44f878e20 5872       1       org.hibernate.service.spi.ServiceBinding::getLifecycleOwner (5 bytes)
Event: 164.084 Thread 0x000001d44f878e20 nmethod 5872 0x000001d447a13410 code [0x000001d447a135a0, 0x000001d447a13668]
Event: 164.096 Thread 0x000001d44f878e20 5873 %     1       java.util.Properties$LineReader::readLine @ 224 (584 bytes)
Event: 164.099 Thread 0x000001d44f878e20 nmethod 5873% 0x000001d447a11390 code [0x000001d447a11640, 0x000001d447a129e8]
Event: 164.099 Thread 0x000001d44f878e20 5874       1       java.util.regex.Pattern::escape (1310 bytes)
Event: 164.104 Thread 0x000001d44f878e20 nmethod 5874 0x000001d447a0c890 code [0x000001d447a0d0a0, 0x000001d447a10460]
Event: 164.105 Thread 0x000001d44f878e20 5876       1       java.time.LocalDateTime::getLong (47 bytes)
Event: 164.105 Thread 0x000001d44f878e20 nmethod 5876 0x000001d447a0c310 code [0x000001d447a0c4e0, 0x000001d447a0c730]
Event: 164.105 Thread 0x000001d44f878e20 5877       1       java.time.temporal.ChronoField::isTimeBased (19 bytes)
Event: 164.105 Thread 0x000001d44f878e20 nmethod 5877 0x000001d447a0c010 code [0x000001d447a0c1a0, 0x000001d447a0c278]
Event: 164.105 Thread 0x000001d44f878e20 5878       1       java.time.format.DateTimePrintContext::getDecimalStyle (8 bytes)
Event: 164.105 Thread 0x000001d44f878e20 nmethod 5878 0x000001d447a0bd10 code [0x000001d447a0bea0, 0x000001d447a0bf70]
Event: 164.105 Thread 0x000001d44f878e20 5875       1       java.io.FileDescriptor$1::get (5 bytes)
Event: 164.105 Thread 0x000001d44f878e20 nmethod 5875 0x000001d447a0ba10 code [0x000001d447a0bba0, 0x000001d447a0bc70]
Event: 164.107 Thread 0x000001d44f878e20 5879       1       org.apache.catalina.util.LifecycleBase::fireLifecycleEvent (56 bytes)
Event: 164.107 Thread 0x000001d44f878e20 nmethod 5879 0x000001d447a0b310 code [0x000001d447a0b500, 0x000001d447a0b880]
Event: 164.107 Thread 0x000001d44f878e20 5880       1       org.apache.catalina.LifecycleEvent::<init> (16 bytes)
Event: 164.107 Thread 0x000001d44f878e20 nmethod 5880 0x000001d447a0ae10 code [0x000001d447a0afc0, 0x000001d447a0b250]
Event: 164.111 Thread 0x000001d44f878e20 5881       1       org.apache.juli.logging.DirectJDKLog::isDebugEnabled (11 bytes)
Event: 164.111 Thread 0x000001d44f878e20 nmethod 5881 0x000001d447a0aa90 code [0x000001d447a0ac20, 0x000001d447a0ad30]

GC Heap History (20 events):
Event: 1.228 GC heap after
{Heap after GC invocations=1 (full 0):
 garbage-first heap   total 112640K, used 7448K [0x0000000092600000, 0x0000000100000000)
  region size 1024K, 3 young (3072K), 3 survivors (3072K)
 Metaspace       used 4835K, committed 5056K, reserved 1114112K
  class space    used 625K, committed 704K, reserved 1048576K
}
Event: 2.065 GC heap before
{Heap before GC invocations=1 (full 0):
 garbage-first heap   total 112640K, used 37144K [0x0000000092600000, 0x0000000100000000)
  region size 1024K, 33 young (33792K), 3 survivors (3072K)
 Metaspace       used 12360K, committed 12800K, reserved 1114112K
  class space    used 1700K, committed 1920K, reserved 1048576K
}
Event: 2.072 GC heap after
{Heap after GC invocations=2 (full 0):
 garbage-first heap   total 112640K, used 10418K [0x0000000092600000, 0x0000000100000000)
  region size 1024K, 3 young (3072K), 3 survivors (3072K)
 Metaspace       used 12360K, committed 12800K, reserved 1114112K
  class space    used 1700K, committed 1920K, reserved 1048576K
}
Event: 2.788 GC heap before
{Heap before GC invocations=2 (full 0):
 garbage-first heap   total 112640K, used 49330K [0x0000000092600000, 0x0000000100000000)
  region size 1024K, 43 young (44032K), 3 survivors (3072K)
 Metaspace       used 19958K, committed 20416K, reserved 1114112K
  class space    used 2688K, committed 2880K, reserved 1048576K
}
Event: 2.796 GC heap after
{Heap after GC invocations=3 (full 0):
 garbage-first heap   total 112640K, used 14509K [0x0000000092600000, 0x0000000100000000)
  region size 1024K, 7 young (7168K), 7 survivors (7168K)
 Metaspace       used 19958K, committed 20416K, reserved 1114112K
  class space    used 2688K, committed 2880K, reserved 1048576K
}
Event: 3.662 GC heap before
{Heap before GC invocations=4 (full 0):
 garbage-first heap   total 55296K, used 54445K [0x0000000092600000, 0x0000000100000000)
  region size 1024K, 46 young (47104K), 7 survivors (7168K)
 Metaspace       used 25352K, committed 25984K, reserved 1114112K
  class space    used 3555K, committed 3840K, reserved 1048576K
}
Event: 3.676 GC heap after
{Heap after GC invocations=5 (full 0):
 garbage-first heap   total 66560K, used 18245K [0x0000000092600000, 0x0000000100000000)
  region size 1024K, 8 young (8192K), 8 survivors (8192K)
 Metaspace       used 25352K, committed 25984K, reserved 1114112K
  class space    used 3555K, committed 3840K, reserved 1048576K
}
Event: 4.518 GC heap before
{Heap before GC invocations=5 (full 0):
 garbage-first heap   total 66560K, used 49989K [0x0000000092600000, 0x0000000100000000)
  region size 1024K, 39 young (39936K), 8 survivors (8192K)
 Metaspace       used 31720K, committed 32320K, reserved 1114112K
  class space    used 4328K, committed 4608K, reserved 1048576K
}
Event: 4.528 GC heap after
{Heap after GC invocations=6 (full 0):
 garbage-first heap   total 66560K, used 21060K [0x0000000092600000, 0x0000000100000000)
  region size 1024K, 4 young (4096K), 4 survivors (4096K)
 Metaspace       used 31720K, committed 32320K, reserved 1114112K
  class space    used 4328K, committed 4608K, reserved 1048576K
}
Event: 4.651 GC heap before
{Heap before GC invocations=6 (full 0):
 garbage-first heap   total 66560K, used 26180K [0x0000000092600000, 0x0000000100000000)
  region size 1024K, 10 young (10240K), 4 survivors (4096K)
 Metaspace       used 33471K, committed 34048K, reserved 1114112K
  class space    used 4649K, committed 4928K, reserved 1048576K
}
Event: 4.656 GC heap after
{Heap after GC invocations=7 (full 0):
 garbage-first heap   total 66560K, used 20469K [0x0000000092600000, 0x0000000100000000)
  region size 1024K, 3 young (3072K), 3 survivors (3072K)
 Metaspace       used 33471K, committed 34048K, reserved 1114112K
  class space    used 4649K, committed 4928K, reserved 1048576K
}
Event: 5.495 GC heap before
{Heap before GC invocations=8 (full 0):
 garbage-first heap   total 66560K, used 55285K [0x0000000092600000, 0x0000000100000000)
  region size 1024K, 37 young (37888K), 3 survivors (3072K)
 Metaspace       used 41924K, committed 42560K, reserved 1114112K
  class space    used 5961K, committed 6272K, reserved 1048576K
}
Event: 5.501 GC heap after
{Heap after GC invocations=9 (full 0):
 garbage-first heap   total 83968K, used 23883K [0x0000000092600000, 0x0000000100000000)
  region size 1024K, 4 young (4096K), 4 survivors (4096K)
 Metaspace       used 41924K, committed 42560K, reserved 1114112K
  class space    used 5961K, committed 6272K, reserved 1048576K
}
Event: 6.654 GC heap before
{Heap before GC invocations=9 (full 0):
 garbage-first heap   total 83968K, used 68939K [0x0000000092600000, 0x0000000100000000)
  region size 1024K, 49 young (50176K), 4 survivors (4096K)
 Metaspace       used 53687K, committed 54400K, reserved 1114112K
  class space    used 7672K, committed 8000K, reserved 1048576K
}
Event: 6.659 GC heap after
{Heap after GC invocations=10 (full 0):
 garbage-first heap   total 83968K, used 26014K [0x0000000092600000, 0x0000000100000000)
  region size 1024K, 6 young (6144K), 6 survivors (6144K)
 Metaspace       used 53687K, committed 54400K, reserved 1114112K
  class space    used 7672K, committed 8000K, reserved 1048576K
}
Event: 6.924 GC heap before
{Heap before GC invocations=10 (full 0):
 garbage-first heap   total 83968K, used 35230K [0x0000000092600000, 0x0000000100000000)
  region size 1024K, 16 young (16384K), 6 survivors (6144K)
 Metaspace       used 56450K, committed 57088K, reserved 1114112K
  class space    used 8083K, committed 8384K, reserved 1048576K
}
Event: 6.930 GC heap after
{Heap after GC invocations=11 (full 0):
 garbage-first heap   total 83968K, used 26544K [0x0000000092600000, 0x0000000100000000)
  region size 1024K, 3 young (3072K), 3 survivors (3072K)
 Metaspace       used 56450K, committed 57088K, reserved 1114112K
  class space    used 8083K, committed 8384K, reserved 1048576K
}
Event: 8.007 GC heap before
{Heap before GC invocations=12 (full 0):
 garbage-first heap   total 83968K, used 73648K [0x0000000092600000, 0x0000000100000000)
  region size 1024K, 49 young (50176K), 3 survivors (3072K)
 Metaspace       used 62679K, committed 63424K, reserved 1114112K
  class space    used 8967K, committed 9280K, reserved 1048576K
}
Event: 8.016 GC heap after
{Heap after GC invocations=13 (full 0):
 garbage-first heap   total 83968K, used 30720K [0x0000000092600000, 0x0000000100000000)
  region size 1024K, 7 young (7168K), 7 survivors (7168K)
 Metaspace       used 62679K, committed 63424K, reserved 1114112K
  class space    used 8967K, committed 9280K, reserved 1048576K
}
Event: 164.112 GC heap before
{Heap before GC invocations=13 (full 0):
 garbage-first heap   total 83968K, used 61440K [0x0000000092600000, 0x0000000100000000)
  region size 1024K, 39 young (39936K), 7 survivors (7168K)
 Metaspace       used 67220K, committed 68032K, reserved 1114112K
  class space    used 9601K, committed 9984K, reserved 1048576K
}

Dll operation events (11 events):
Event: 0.027 Loaded shared library C:\Program Files\Java\jdk-21.0.10\bin\java.dll
Event: 0.186 Loaded shared library C:\Program Files\Java\jdk-21.0.10\bin\zip.dll
Event: 0.191 Loaded shared library C:\Program Files\Java\jdk-21.0.10\bin\instrument.dll
Event: 0.199 Loaded shared library C:\Program Files\Java\jdk-21.0.10\bin\net.dll
Event: 0.202 Loaded shared library C:\Program Files\Java\jdk-21.0.10\bin\nio.dll
Event: 0.207 Loaded shared library C:\Program Files\Java\jdk-21.0.10\bin\zip.dll
Event: 0.471 Loaded shared library C:\Program Files\Java\jdk-21.0.10\bin\extnet.dll
Event: 0.507 Loaded shared library C:\Program Files\Java\jdk-21.0.10\bin\jimage.dll
Event: 1.158 Loaded shared library C:\Program Files\Java\jdk-21.0.10\bin\management.dll
Event: 1.165 Loaded shared library C:\Program Files\Java\jdk-21.0.10\bin\management_ext.dll
Event: 2.376 Loaded shared library C:\Program Files\Java\jdk-21.0.10\bin\sunmscapi.dll

Deoptimization events (4 events):
Event: 2.302 Thread 0x000001d49568e4d0 DEOPT PACKING pc=0x000001d447b62634 sp=0x000000354e0fda80
Event: 2.302 Thread 0x000001d49568e4d0 DEOPT UNPACKING pc=0x000001d4476c4e42 sp=0x000000354e0fcfb0 mode 0
Event: 3.459 Thread 0x000001d49568e4d0 DEOPT PACKING pc=0x000001d447e08f8c sp=0x000000354e0fbfd0
Event: 3.460 Thread 0x000001d49568e4d0 DEOPT UNPACKING pc=0x000001d4476c4e42 sp=0x000000354e0fb490 mode 0

Classes loaded (20 events):
Event: 164.093 Loading class java/security/Key done
Event: 164.093 Loading class javax/security/auth/Destroyable
Event: 164.093 Loading class javax/security/auth/Destroyable done
Event: 164.093 Loading class java/security/PrivateKey done
Event: 164.093 Loading class java/security/spec/InvalidKeySpecException
Event: 164.094 Loading class java/security/spec/InvalidKeySpecException done
Event: 164.094 Loading class java/security/spec/KeySpec
Event: 164.094 Loading class java/security/spec/KeySpec done
Event: 164.094 Loading class javax/net/ssl/SSLSocket
Event: 164.094 Loading class javax/net/ssl/SSLSocket done
Event: 164.094 Loading class javax/crypto/NoSuchPaddingException
Event: 164.095 Loading class javax/crypto/NoSuchPaddingException done
Event: 164.095 Loading class javax/crypto/IllegalBlockSizeException
Event: 164.095 Loading class javax/crypto/IllegalBlockSizeException done
Event: 164.095 Loading class javax/crypto/BadPaddingException
Event: 164.095 Loading class javax/crypto/BadPaddingException done
Event: 164.109 Loading class java/util/WeakHashMap$KeyIterator
Event: 164.109 Loading class java/util/WeakHashMap$HashIterator
Event: 164.110 Loading class java/util/WeakHashMap$HashIterator done
Event: 164.110 Loading class java/util/WeakHashMap$KeyIterator done

Classes unloaded (0 events):
No events

Classes redefined (0 events):
No events

Internal exceptions (20 events):
Event: 7.889 Thread 0x000001d49568e4d0 Exception <a 'java/lang/IncompatibleClassChangeError'{0x0000000094aa9728}: Found class java.lang.Object, but interface was expected> (0x0000000094aa9728) 
thrown [s\open\src\hotspot\share\interpreter\linkResolver.cpp, line 840]
Event: 7.977 Thread 0x000001d49568e4d0 Exception <a 'java/lang/NoSuchMethodError'{0x0000000094793c08}: 'java.lang.Object java.lang.invoke.DirectMethodHandle$Holder.newInvokeSpecial(java.lang.Object, java.lang.Object, int, java.lang.Object, java.lang.Object)'> (0x0000000094793c08) 
thrown [s\open\src\hotspot\share\interpreter\linkResolver.cpp, line 773]
Event: 7.977 Thread 0x000001d49568e4d0 Exception <a 'java/lang/NoSuchMethodError'{0x0000000094797b88}: 'java.lang.Object java.lang.invoke.DirectMethodHandle$Holder.invokeSpecial(java.lang.Object, java.lang.Object, java.lang.Object, int, java.lang.Object, java.lang.Object)'> (0x0000000094797b88) 
thrown [s\open\src\hotspot\share\interpreter\linkResolver.cpp, line 773]
Event: 104.559 Thread 0x000001d497afde60 Exception <a 'java/lang/NoSuchMethodError'{0x0000000096a92270}: 'java.lang.Object java.lang.invoke.DirectMethodHandle$Holder.invokeStatic(java.lang.Object, java.lang.Object, java.lang.Object, int, int)'> (0x0000000096a92270) 
thrown [s\open\src\hotspot\share\interpreter\linkResolver.cpp, line 773]
Event: 104.560 Thread 0x000001d497afde60 Exception <a 'java/lang/NoSuchMethodError'{0x0000000096a95a20}: 'java.lang.Object java.lang.invoke.DirectMethodHandle$Holder.invokeStaticInit(java.lang.Object, java.lang.Object, java.lang.Object, int, int)'> (0x0000000096a95a20) 
thrown [s\open\src\hotspot\share\interpreter\linkResolver.cpp, line 773]
Event: 104.619 Thread 0x000001d497a94180 Exception <a 'java/lang/NoSuchMethodError'{0x00000000969f8138}: 'java.lang.Object java.lang.invoke.DirectMethodHandle$Holder.invokeSpecial(java.lang.Object, java.lang.Object, java.lang.Object, java.lang.Object, java.lang.Object, long)'> (0x00000000969f8138) 
thrown [s\open\src\hotspot\share\interpreter\linkResolver.cpp, line 773]
Event: 104.619 Thread 0x000001d497a94180 Exception <a 'java/lang/NoSuchMethodError'{0x00000000969fb908}: 'java.lang.Object java.lang.invoke.Invokers$Holder.linkToTargetMethod(java.lang.Object, java.lang.Object, java.lang.Object, long, java.lang.Object)'> (0x00000000969fb908) 
thrown [s\open\src\hotspot\share\interpreter\linkResolver.cpp, line 773]
Event: 105.002 Thread 0x000001d497a93af0 Exception <a 'java/lang/NoSuchMethodError'{0x00000000962ecc58}: 'java.lang.Object java.lang.invoke.Invokers$Holder.invoker(java.lang.Object, java.lang.Object, java.lang.Object, java.lang.Object, java.lang.Object, java.lang.Object, java.lang.Object, java.lang.Object, java.lang.Object, java.lang.Object)'> (0x00000000962ecc58) 
thrown [s\open\src\hotspot\share\interpreter\linkResolver.cpp, line 773]
Event: 105.003 Thread 0x000001d497a93af0 Exception <a 'java/lang/NoSuchMethodError'{0x00000000962fdc00}: 'float java.lang.invoke.DelegatingMethodHandle$Holder.reinvoke_L(java.lang.Object, java.lang.Object, int)'> (0x00000000962fdc00) 
thrown [s\open\src\hotspot\share\interpreter\linkResolver.cpp, line 773]
Event: 105.004 Thread 0x000001d497a93af0 Exception <a 'java/lang/NoSuchMethodError'{0x0000000096108628}: 'java.lang.Object java.lang.invoke.DelegatingMethodHandle$Holder.reinvoke_L(java.lang.Object, int, java.lang.Object, java.lang.Object, java.lang.Object, float, java.lang.Object, java.lang.Object, java.lang.Object)'> (0x0000000096108628) 
thrown [s\open\src\hotspot\share\interpreter\linkResolver.cpp, line 773]
Event: 105.031 Thread 0x000001d497a93af0 Exception <a 'java/lang/IncompatibleClassChangeError'{0x00000000961b8770}: Found class java.lang.Object, but interface was expected> (0x00000000961b8770) 
thrown [s\open\src\hotspot\share\interpreter\linkResolver.cpp, line 840]
Event: 105.075 Thread 0x000001d497a93af0 Exception <a 'java/lang/NoSuchMethodError'{0x000000009607b4d0}: 'float java.lang.invoke.DelegatingMethodHandle$Holder.reinvoke_L(java.lang.Object, java.lang.Object)'> (0x000000009607b4d0) 
thrown [s\open\src\hotspot\share\interpreter\linkResolver.cpp, line 773]
Event: 105.076 Thread 0x000001d497a93af0 Exception <a 'java/lang/NoSuchMethodError'{0x0000000096085820}: 'void java.lang.invoke.DelegatingMethodHandle$Holder.reinvoke_L(java.lang.Object, java.lang.Object, float)'> (0x0000000096085820) 
thrown [s\open\src\hotspot\share\interpreter\linkResolver.cpp, line 773]
Event: 105.077 Thread 0x000001d497a93af0 Exception <a 'java/lang/NoSuchMethodError'{0x000000009608c660}: 'float java.lang.invoke.Invokers$Holder.invokeExact_MT(java.lang.Object, java.lang.Object, java.lang.Object)'> (0x000000009608c660) 
thrown [s\open\src\hotspot\share\interpreter\linkResolver.cpp, line 773]
Event: 105.110 Thread 0x000001d497a93af0 Exception <a 'java/lang/NoSuchMethodError'{0x0000000095f0b918}: 'int java.lang.invoke.DirectMethodHandle$Holder.invokeStatic(java.lang.Object, java.lang.Object, int, int)'> (0x0000000095f0b918) 
thrown [s\open\src\hotspot\share\interpreter\linkResolver.cpp, line 773]
Event: 163.543 Thread 0x000001d497afd140 Exception <a 'java/lang/NoSuchMethodError'{0x0000000095676488}: 'java.lang.Object java.lang.invoke.DirectMethodHandle$Holder.newInvokeSpecial(java.lang.Object, java.lang.Object, java.lang.Object, java.lang.Object, int)'> (0x0000000095676488) 
thrown [s\open\src\hotspot\share\interpreter\linkResolver.cpp, line 773]
Event: 163.543 Thread 0x000001d497afd140 Exception <a 'java/lang/NoSuchMethodError'{0x000000009567a158}: 'java.lang.Object java.lang.invoke.DirectMethodHandle$Holder.invokeSpecial(java.lang.Object, java.lang.Object, java.lang.Object, java.lang.Object, java.lang.Object, int)'> (0x000000009567a158) 
thrown [s\open\src\hotspot\share\interpreter\linkResolver.cpp, line 773]
Event: 163.543 Thread 0x000001d497afd140 Exception <a 'java/lang/NoSuchMethodError'{0x000000009567d728}: 'java.lang.Object java.lang.invoke.Invokers$Holder.linkToTargetMethod(java.lang.Object, java.lang.Object, java.lang.Object, int, java.lang.Object)'> (0x000000009567d728) 
thrown [s\open\src\hotspot\share\interpreter\linkResolver.cpp, line 773]
Event: 164.077 Thread 0x000001d497afde60 Exception <a 'java/io/IOException'{0x0000000096ab3740}> (0x0000000096ab3740) 
thrown [s\open\src\hotspot\share\prims\jni.cpp, line 520]
Event: 164.111 Thread 0x000001d4962ecbd0 Exception <a 'java/lang/InterruptedException'{0x00000000955f3b48}: sleep interrupted> (0x00000000955f3b48) 
thrown [s\open\src\hotspot\share\prims\jvm.cpp, line 3074]

ZGC Phase Switch (0 events):
No events

VM Operations (20 events):
Event: 104.853 Executing VM operation: HandshakeAllThreads (Deoptimize) done
Event: 105.861 Executing VM operation: Cleanup
Event: 105.862 Executing VM operation: Cleanup done
Event: 105.991 Executing VM operation: HandshakeAllThreads (Deoptimize)
Event: 105.991 Executing VM operation: HandshakeAllThreads (Deoptimize) done
Event: 106.059 Executing VM operation: HandshakeAllThreads (Deoptimize)
Event: 106.059 Executing VM operation: HandshakeAllThreads (Deoptimize) done
Event: 107.061 Executing VM operation: Cleanup
Event: 107.061 Executing VM operation: Cleanup done
Event: 120.314 Executing VM operation: HandshakeAllThreads (HandshakeForDeflation)
Event: 120.314 Executing VM operation: HandshakeAllThreads (HandshakeForDeflation) done
Event: 120.314 Executing VM operation: RendezvousGCThreads
Event: 120.314 Executing VM operation: RendezvousGCThreads done
Event: 128.397 Executing VM operation: Cleanup
Event: 128.397 Executing VM operation: Cleanup done
Event: 154.639 Executing VM operation: Cleanup
Event: 154.639 Executing VM operation: Cleanup done
Event: 163.686 Executing VM operation: Cleanup
Event: 163.686 Executing VM operation: Cleanup done
Event: 164.111 Executing VM operation: G1CollectFull (System.gc())

Events (20 events):
Event: 163.548 Thread 0x000001d497afb070 Thread added: 0x000001d497afb070
Event: 164.077 Thread 0x000001d497afb070 Thread exited: 0x000001d497afb070
Event: 164.078 Thread 0x000001d497afde60 Thread exited: 0x000001d497afde60
Event: 164.079 Thread 0x000001d497afbd90 Thread exited: 0x000001d497afbd90
Event: 164.079 Thread 0x000001d497a920b0 Thread exited: 0x000001d497a920b0
Event: 164.079 Thread 0x000001d497a94810 Thread exited: 0x000001d497a94810
Event: 164.079 Thread 0x000001d497a93af0 Thread exited: 0x000001d497a93af0
Event: 164.079 Thread 0x000001d497a95530 Thread exited: 0x000001d497a95530
Event: 164.079 Thread 0x000001d497a94180 Thread exited: 0x000001d497a94180
Event: 164.080 Thread 0x000001d497afd7d0 Thread exited: 0x000001d497afd7d0
Event: 164.080 Thread 0x000001d497afb700 Thread exited: 0x000001d497afb700
Event: 164.080 Thread 0x000001d497a92dd0 Thread exited: 0x000001d497a92dd0
Event: 164.080 Thread 0x000001d497a94ea0 Thread exited: 0x000001d497a94ea0
Event: 164.080 Thread 0x000001d497afc420 Thread exited: 0x000001d497afc420
Event: 164.090 Thread 0x000001d497afbd90 Thread added: 0x000001d497afbd90
Event: 164.090 Thread 0x000001d496fe88a0 Thread exited: 0x000001d496fe88a0
Event: 164.101 Thread 0x000001d497afbd90 Thread exited: 0x000001d497afbd90
Event: 164.110 Thread 0x000001d4965a8960 Thread exited: 0x000001d4965a8960
Event: 164.110 Thread 0x000001d4965843c0 Thread exited: 0x000001d4965843c0
Event: 164.111 Thread 0x000001d4962ecbd0 Thread exited: 0x000001d4962ecbd0


Dynamic libraries:
0x00007ff6ff0d0000 - 0x00007ff6ff0e0000 	C:\Program Files\Java\jdk-21.0.10\bin\java.exe
0x00007ff8e6b20000 - 0x00007ff8e6d87000 	C:\WINDOWS\SYSTEM32\ntdll.dll
0x00007ff8bffb0000 - 0x00007ff8bffd1000 	C:\Program Files\Avast Software\Avast\aswhook.dll
0x00007ff8e5d60000 - 0x00007ff8e5e29000 	C:\WINDOWS\System32\KERNEL32.DLL
0x00007ff8e3560000 - 0x00007ff8e3954000 	C:\WINDOWS\System32\KERNELBASE.dll
0x00007ff8e0c70000 - 0x00007ff8e0d0f000 	C:\WINDOWS\SYSTEM32\apphelp.dll
0x00007ff8e3bd0000 - 0x00007ff8e3d1b000 	C:\WINDOWS\System32\ucrtbase.dll
0x00007ff8ce9a0000 - 0x00007ff8ce9b9000 	C:\Program Files\Java\jdk-21.0.10\bin\jli.dll
0x00007ff8cdac0000 - 0x00007ff8cdade000 	C:\Program Files\Java\jdk-21.0.10\bin\VCRUNTIME140.dll
0x00007ff8e4950000 - 0x00007ff8e4a06000 	C:\WINDOWS\System32\ADVAPI32.dll
0x00007ff8e6200000 - 0x00007ff8e62a9000 	C:\WINDOWS\System32\msvcrt.dll
0x00007ff8e5cb0000 - 0x00007ff8e5d57000 	C:\WINDOWS\System32\sechost.dll
0x00007ff8e5a30000 - 0x00007ff8e5b48000 	C:\WINDOWS\System32\RPCRT4.dll
0x00007ff8e56b0000 - 0x00007ff8e5875000 	C:\WINDOWS\System32\USER32.dll
0x00007ff8d02e0000 - 0x00007ff8d0573000 	C:\WINDOWS\WinSxS\amd64_microsoft.windows.common-controls_6595b64144ccf1df_6.0.26100.8115_none_3e075c82e3354f9c\COMCTL32.dll
0x00007ff8e4880000 - 0x00007ff8e48a7000 	C:\WINDOWS\System32\win32u.dll
0x00007ff8e5e30000 - 0x00007ff8e5e5b000 	C:\WINDOWS\System32\GDI32.dll
0x00007ff8e3960000 - 0x00007ff8e3a8b000 	C:\WINDOWS\System32\gdi32full.dll
0x00007ff8e3a90000 - 0x00007ff8e3b33000 	C:\WINDOWS\System32\msvcp_win.dll
0x00007ff8dd260000 - 0x00007ff8dd26b000 	C:\WINDOWS\SYSTEM32\VERSION.dll
0x00007ff8e5fe0000 - 0x00007ff8e6012000 	C:\WINDOWS\System32\IMM32.DLL
0x00007ff8cdb80000 - 0x00007ff8cdb8c000 	C:\Program Files\Java\jdk-21.0.10\bin\vcruntime140_1.dll
0x00007ff8c6b60000 - 0x00007ff8c6bed000 	C:\Program Files\Java\jdk-21.0.10\bin\msvcp140.dll
0x00007ff86af50000 - 0x00007ff86bc77000 	C:\Program Files\Java\jdk-21.0.10\bin\server\jvm.dll
0x00007ff8e5880000 - 0x00007ff8e5900000 	C:\WINDOWS\System32\WS2_32.dll
0x00007ff8e3250000 - 0x00007ff8e32ae000 	C:\WINDOWS\SYSTEM32\POWRPROF.dll
0x00007ff8dd220000 - 0x00007ff8dd256000 	C:\WINDOWS\SYSTEM32\WINMM.dll
0x00007ff8e3230000 - 0x00007ff8e3244000 	C:\WINDOWS\SYSTEM32\UMPDC.dll
0x00007ff8e2140000 - 0x00007ff8e215b000 	C:\WINDOWS\SYSTEM32\kernel.appcore.dll
0x00007ff8cd350000 - 0x00007ff8cd35a000 	C:\Program Files\Java\jdk-21.0.10\bin\jimage.dll
0x00007ff8d8450000 - 0x00007ff8d8692000 	C:\WINDOWS\SYSTEM32\DBGHELP.DLL
0x00007ff8e4e10000 - 0x00007ff8e5192000 	C:\WINDOWS\System32\combase.dll
0x00007ff8e5bd0000 - 0x00007ff8e5ca8000 	C:\WINDOWS\System32\OLEAUT32.dll
0x00007ff8d7b80000 - 0x00007ff8d7bbb000 	C:\WINDOWS\SYSTEM32\dbgcore.DLL
0x00007ff8e47d0000 - 0x00007ff8e4875000 	C:\WINDOWS\System32\bcryptPrimitives.dll
0x00007ff8cc890000 - 0x00007ff8cc8a0000 	C:\Program Files\Java\jdk-21.0.10\bin\instrument.dll
0x00007ff8cc570000 - 0x00007ff8cc591000 	C:\Program Files\Java\jdk-21.0.10\bin\java.dll
0x00007ff8e6370000 - 0x00007ff8e6ad7000 	C:\WINDOWS\System32\SHELL32.dll
0x00007ff8e33f0000 - 0x00007ff8e355a000 	C:\WINDOWS\System32\wintypes.dll
0x00007ff8e3f60000 - 0x00007ff8e47c8000 	C:\WINDOWS\System32\windows.storage.dll
0x00007ff8e5910000 - 0x00007ff8e5a08000 	C:\WINDOWS\System32\SHCORE.dll
0x00007ff8e4c40000 - 0x00007ff8e4ca6000 	C:\WINDOWS\System32\shlwapi.dll
0x00007ff8e3310000 - 0x00007ff8e3339000 	C:\WINDOWS\SYSTEM32\profapi.dll
0x00007ff8cc400000 - 0x00007ff8cc418000 	C:\Program Files\Java\jdk-21.0.10\bin\zip.dll
0x00007ff8cd2f0000 - 0x00007ff8cd301000 	C:\Program Files\Java\jdk-21.0.10\bin\net.dll
0x00007ff8da7f0000 - 0x00007ff8da91d000 	C:\WINDOWS\SYSTEM32\WINHTTP.dll
0x00007ff8e2690000 - 0x00007ff8e26fc000 	C:\WINDOWS\system32\mswsock.dll
0x00007ff8cd080000 - 0x00007ff8cd096000 	C:\Program Files\Java\jdk-21.0.10\bin\nio.dll
0x00007ff8cc3f0000 - 0x00007ff8cc3f9000 	C:\Program Files\Java\jdk-21.0.10\bin\extnet.dll
0x00007ff8ca750000 - 0x00007ff8ca75a000 	C:\Program Files\Java\jdk-21.0.10\bin\management.dll
0x00007ff8ca740000 - 0x00007ff8ca74c000 	C:\Program Files\Java\jdk-21.0.10\bin\management_ext.dll
0x00007ff8e48b0000 - 0x00007ff8e48b8000 	C:\WINDOWS\System32\PSAPI.DLL
0x00007ff8cc4f0000 - 0x00007ff8cc4fe000 	C:\Program Files\Java\jdk-21.0.10\bin\sunmscapi.dll
0x00007ff8e3d20000 - 0x00007ff8e3e97000 	C:\WINDOWS\System32\CRYPT32.dll
0x00007ff8e2bf0000 - 0x00007ff8e2c20000 	C:\WINDOWS\SYSTEM32\ncrypt.dll
0x00007ff8e2ba0000 - 0x00007ff8e2bdf000 	C:\WINDOWS\SYSTEM32\NTASN1.dll
0x00007ff8e2a90000 - 0x00007ff8e2aab000 	C:\WINDOWS\SYSTEM32\CRYPTSP.dll
0x00007ff8e20a0000 - 0x00007ff8e20d9000 	C:\WINDOWS\system32\rsaenh.dll
0x00007ff8e2740000 - 0x00007ff8e2773000 	C:\WINDOWS\SYSTEM32\USERENV.dll
0x00007ff8e32e0000 - 0x00007ff8e330a000 	C:\WINDOWS\SYSTEM32\bcrypt.dll
0x00007ff8e28f0000 - 0x00007ff8e28fc000 	C:\WINDOWS\SYSTEM32\CRYPTBASE.dll
0x00007ff8e1b20000 - 0x00007ff8e1b52000 	C:\WINDOWS\SYSTEM32\IPHLPAPI.DLL
0x00007ff8e5a20000 - 0x00007ff8e5a2a000 	C:\WINDOWS\System32\NSI.dll
0x00007ff8e1bb0000 - 0x00007ff8e1ce2000 	C:\WINDOWS\SYSTEM32\DNSAPI.dll
0x00007ff8d4960000 - 0x00007ff8d496b000 	C:\Windows\System32\rasadhlp.dll
0x00007ff8da4b0000 - 0x00007ff8da536000 	C:\WINDOWS\System32\fwpuclnt.dll
0x00007ff8aa960000 - 0x00007ff8aa968000 	C:\WINDOWS\system32\wshunix.dll

dbghelp: loaded successfully - version: 4.0.5 - missing functions: none
symbol engine: initialized successfully - sym options: 0x614 - pdb path: .;C:\Program Files\Java\jdk-21.0.10\bin;C:\WINDOWS\SYSTEM32;C:\Program Files\Avast Software\Avast;C:\WINDOWS\WinSxS\amd64_microsoft.windows.common-controls_6595b64144ccf1df_6.0.26100.8115_none_3e075c82e3354f9c;C:\Program Files\Java\jdk-21.0.10\bin\server

VM Arguments:
jvm_args: -XX:TieredStopAtLevel=1 -Dspring.output.ansi.enabled=always -javaagent:C:\Program Files\JetBrains\IntelliJ IDEA 2025.3.3\lib\idea_rt.jar=64299 -Dfile.encoding=UTF-8 -Dsun.stdout.encoding=UTF-8 -Dsun.stderr.encoding=UTF-8 
java_command: edu.co.sena.worksite.WorksiteApplication
java_class_path (initial): D:\worksite\worksite\target\classes;C:\Users\PC_WIN11\.m2\repository\org\springframework\boot\spring-boot-starter-data-jpa\4.0.5\spring-boot-starter-data-jpa-4.0.5.jar;C:\Users\PC_WIN11\.m2\repository\org\springframework\boot\spring-boot-starter-jdbc\4.0.5\spring-boot-starter-jdbc-4.0.5.jar;C:\Users\PC_WIN11\.m2\repository\com\zaxxer\HikariCP\7.0.2\HikariCP-7.0.2.jar;C:\Users\PC_WIN11\.m2\repository\org\slf4j\slf4j-api\2.0.17\slf4j-api-2.0.17.jar;C:\Users\PC_WIN11\.m2\repository\org\springframework\boot\spring-boot-data-jpa\4.0.5\spring-boot-data-jpa-4.0.5.jar;C:\Users\PC_WIN11\.m2\repository\org\springframework\boot\spring-boot-data-commons\4.0.5\spring-boot-data-commons-4.0.5.jar;C:\Users\PC_WIN11\.m2\repository\org\springframework\boot\spring-boot-persistence\4.0.5\spring-boot-persistence-4.0.5.jar;C:\Users\PC_WIN11\.m2\repository\org\springframework\data\spring-data-commons\4.0.4\spring-data-commons-4.0.4.jar;C:\Users\PC_WIN11\.m2\repository\org\springframework\boot\spring-boot-hibernate\4.0.5\spring-boot-hibernate-4.0.5.jar;C:\Users\PC_WIN11\.m2\repository\org\springframework\boot\spring-boot-jpa\4.0.5\spring-boot-jpa-4.0.5.jar;C:\Users\PC_WIN11\.m2\repository\jakarta\persistence\jakarta.persistence-api\3.2.0\jakarta.persistence-api-3.2.0.jar;C:\Users\PC_WIN11\.m2\repository\org\hibernate\orm\hibernate-core\7.2.7.Final\hibernate-core-7.2.7.Final.jar;C:\Users\PC_WIN11\.m2\repository\jakarta\transaction\jakarta.transaction-api\2.0.1\jakarta.transaction-api-2.0.1.jar;C:\Users\PC_WIN11\.m2\repository\org\jboss\logging\jboss-logging\3.6.3.Final\jboss-logging-3.6.3.Final.jar;C:\Users\PC_WIN11\.m2\repository\org\hibernate\models\hibernate-models\1.0.1\hibernate-models-1.0.1.jar;C:\Users\PC_WIN11\.m2\repository\com\fasterxml\classmate\1.7.3\classmate-1.7.3.jar;C:\Users\PC_WIN11\.m2\repository\org\glassfish\jaxb\jaxb-runtime\4.0.6\jaxb-runtime-4.0.6.jar;C:\Users\PC_WIN11\.m2\repository\org\glassfish\jaxb\jaxb-core\4.0.6\jaxb-core-4.0.6.jar;C:\Users\PC_WIN11\.m2\repository\org\eclipse\angus\angus-activation\2.0.3\angus-activation-2.0.3.jar;C:\Users\PC_WIN11\.m2\repository\org\glassfish\jaxb\txw2\4.0.6\txw2-4.0.6.jar;C:\Users\PC_WIN11\.m2\repository\com\sun\istack\istack-commons-runtime\4.1.2\istack-commons-runtime-4.1.2.jar;C:\Users\PC_WIN11\.m2\repository\jakarta\inject\jakarta.inject-api\2.0.1\jakarta.inject-api-2.0.1.jar;C:\Users\PC_WIN11\.m2\repository\org\springframework\spring-orm\7.0.6\spring-orm-7.0.6.jar;C:\Users\PC_WIN11\.m2\repository\org\springframework\data\spring-data-jpa\4.0.4\spring-data-jpa-4.0.4.jar;C:\Users\PC_WIN11\.m2\repository\org\springframework\spring-aop\7.0.6\spring-aop-7.0.6.jar;C:\Users\PC_WIN11\.m2\repository\org\springframework\spring-tx\7.0.6\spring-tx-7.0.6.jar;C:\Users\PC_WIN11\.m2\repository\org\antlr\antlr4-runtime\4.13.2\antlr4-runtime-4.13.2.jar;C:\Users\PC_WIN11\.m2\repository\org\springframework\spring-aspects\7.0.6\spring-aspects-7.0.6.jar;C:\Users\PC_WIN11\.m2\repository\org\aspectj\aspectjweaver\1.9.25.1\aspectjweaver-1.9.25.1.jar;C:\Users\PC_WIN11\.m2\repository\org\springframework\boot\spring-boot-jdbc\4.0.5\spring-boot-jdbc-4.0.5.jar;C:\Users\PC_WIN11\.m2\repository\org\springframework\boot\spring-boot-sql\4.0.5\spring-boot-sql-4.0.5.jar;C:\Users\PC_WIN11\.m2\repository\org\springframework\boot\spring-boot-transaction\4.0.5\spring-boot-transaction-4.0.5.jar;C:\Users\PC_WIN11\.m2\repository\org\springframework\spring-jdbc\7.0.6\spring-jdbc-7.0.6.jar;C:\Users\PC_WIN11\.m2\repository\org\springframework\boot\spring-boot-starter\4.0.5\spring-boot-starter-4.0.5.jar;C:\Users\PC_WIN11\.m2\repository\org\springframework\boot\spring-boot-starter-logging\4.0.5\spring-boot-starter-logging-4.0.5.jar;C:\Users\PC_WIN11\.m2\repository\ch\qos\logback\logback-classic\1.5.32\logback-classic-1.5.32.jar;C:\Users\PC_WIN11\.m2\repository\ch\qos\logback\logback-core\1.5.32\logback-core-1.5.32.jar;C:\Users\PC_WIN11\.m2\repository\org\apache\logging\log4j\log4j-to-slf4j\2.25.3\log4j-to-slf4j-2.25.3.jar;C:\Users\PC_WIN11\.m2\repository\org\apache\logging\log4j\log4j-api\2.25.3\log4j-api-2.25.3.jar;C:\Users\PC_WIN11\.m2\repository\org\slf4j\jul-to-slf4j\2.0.17\jul-to-slf4j-2.0.17.jar;C:\Users\PC_WIN11\.m2\repository\jakarta\annotation\jakarta.annotation-api\3.0.0\jakarta.annotation-api-3.0.0.jar;C:\Users\PC_WIN11\.m2\repository\org\yaml\snakeyaml\2.5\snakeyaml-2.5.jar;C:\Users\PC_WIN11\.m2\repository\org\springframework\boot\spring-boot-autoconfigure\4.1.0-M4\spring-boot-autoconfigure-4.1.0-M4.jar;C:\Users\PC_WIN11\.m2\repository\org\springframework\boot\spring-boot\4.0.5\spring-boot-4.0.5.jar;C:\Users\PC_WIN11\.m2\repository\org\springframework\spring-context\7.0.6\spring-context-7.0.6.jar;C:\Users\PC_WIN11\.m2\repository\org\springframework\spring-expression\7.0.6\spring-expression-7.0.6.jar;C:\Users\PC_WIN11\.m2\repository\io\micrometer\micrometer-observation\1.16.4\micrometer-observation-1.16.4.jar;C:\Users\PC_WIN11\.m2\repository\io\micrometer\micrometer-commons\1.16.4\micrometer-commons-1.16.4.jar;C:\Users\PC_WIN11\.m2\repository\org\springframework\boot\spring-boot-starter-webmvc\4.0.5\spring-boot-starter-webmvc-4.0.5.jar;C:\Users\PC_WIN11\.m2\repository\org\springframework\boot\spring-boot-starter-jackson\4.0.5\spring-boot-starter-jackson-4.0.5.jar;C:\Users\PC_WIN11\.m2\repository\org\springframework\boot\spring-boot-jackson\4.0.5\spring-boot-jackson-4.0.5.jar;C:\Users\PC_WIN11\.m2\repository\tools\jackson\core\jackson-databind\3.1.0\jackson-databind-3.1.0.jar;C:\Users\PC_WIN11\.m2\repository\com\fasterxml\jackson\core\jackson-annotations\2.21\jackson-annotations-2.21.jar;C:\Users\PC_WIN11\.m2\repository\tools\jackson\core\jackson-core\3.1.0\jackson-core-3.1.0.jar;C:\Users\PC_WIN11\.m2\repository\org\springframework\boot\spring-boot-starter-tomcat\4.0.5\spring-boot-starter-tomcat-4.0.5.jar;C:\Users\PC_WIN11\.m2\repository\org\springframework\boot\spring-boot-starter-tomcat-runtime\4.0.5\spring-boot-starter-tomcat-runtime-4.0.5.jar;C:\Users\PC_WIN11\.m2\repository\org\apache\tomcat\embed\tomcat-embed-core\11.0.20\tomcat-embed-core-11.0.20.jar;C:\Users\PC_WIN11\.m2\repository\org\apache\tomcat\embed\tomcat-embed-el\11.0.20\tomcat-embed-el-11.0.20.jar;C:\Users\PC_WIN11\.m2\repository\org\apache\tomcat\embed\tomcat-embed-websocket\11.0.20\tomcat-embed-websocket-11.0.20.jar;C:\Users\PC_WIN11\.m2\repository\org\springframework\boot\spring-boot-tomcat\4.0.5\spring-boot-tomcat-4.0.5.jar;C:\Users\PC_WIN11\.m2\repository\org\springframework\boot\spring-boot-http-converter\4.0.5\spring-boot-http-converter-4.0.5.jar;C:\Users\PC_WIN11\.m2\repository\org\springframework\spring-web\7.0.6\spring-web-7.0.6.jar;C:\Users\PC_WIN11\.m2\repository\org\springframework\boot\spring-boot-webmvc\4.0.5\spring-boot-webmvc-4.0.5.jar;C:\Users\PC_WIN11\.m2\repository\org\springframework\boot\spring-boot-servlet\4.0.5\spring-boot-servlet-4.0.5.jar;C:\Users\PC_WIN11\.m2\repository\org\springframework\spring-webmvc\7.0.6\spring-webmvc-7.0.6.jar;C:\Users\PC_WIN11\.m2\repository\org\springframework\boot\spring-boot-devtools\4.0.5\spring-boot-devtools-4.0.5.jar;C:\Users\PC_WIN11\.m2\repository\org\springframework\spring-beans\7.0.7\spring-beans-7.0.7.jar;C:\Users\PC_WIN11\.m2\repository\org\springframework\spring-core\7.0.6\spring-core-7.0.6.jar;C:\Users\PC_WIN11\.m2\repository\commons-logging\commons-logging\1.3.6\commons-logging-1.3.6.jar;C:\Users\PC_WIN11\.m2\repository\org\jspecify\jspecify\1.0.0\jspecify-1.0.0.jar;C:\Users\PC_WIN11\.m2\repository\org\projectlombok\lombok\1.18.44\lombok-1.18.44.jar;C:\Users\PC_WIN11\.m2\repository\com\mysql\mysql-connector-j\9.6.0\mysql-connector-j-9.6.0.jar;C:\Users\PC_WIN11\.m2\repository\jakarta\xml\bind\jakarta.xml.bind-api\4.0.4\jakarta.xml.bind-api-4.0.4.jar;C:\Users\PC_WIN11\.m2\repository\jakarta\activation\jakarta.activation-api\2.1.4\jakarta.activation-api-2.1.4.jar;C:\Users\PC_WIN11\.m2\repository\net\bytebuddy\byte-buddy\1.17.8\byte-buddy-1.17.8.jar;C:\Users\PC_WIN11\.m2\repository\org\springframework\boot\spring-boot-web-server\4.0.5\spring-boot-web-server-4.0.5.jar
Launcher Type: SUN_STANDARD

[Global flags]
     intx CICompilerCount                          = 4                                         {product} {ergonomic}
     uint ConcGCThreads                            = 3                                         {product} {ergonomic}
     uint G1ConcRefinementThreads                  = 10                                        {product} {ergonomic}
   size_t G1HeapRegionSize                         = 1048576                                   {product} {ergonomic}
    uintx GCDrainStackTargetSize                   = 64                                        {product} {ergonomic}
   size_t InitialHeapSize                          = 115343360                                 {product} {ergonomic}
   size_t MarkStackSize                            = 4194304                                   {product} {ergonomic}
   size_t MaxHeapSize                              = 1839202304                                {product} {ergonomic}
   size_t MaxNewSize                               = 1103101952                                {product} {ergonomic}
   size_t MinHeapDeltaBytes                        = 1048576                                   {product} {ergonomic}
   size_t MinHeapSize                              = 8388608                                   {product} {ergonomic}
    uintx NonNMethodCodeHeapSize                   = 4096                                   {pd product} {ergonomic}
    uintx NonProfiledCodeHeapSize                  = 0                                      {pd product} {ergonomic}
     bool ProfileInterpreter                       = false                                  {pd product} {command line}
    uintx ProfiledCodeHeapSize                     = 0                                      {pd product} {ergonomic}
   size_t SoftMaxHeapSize                          = 1839202304                             {manageable} {ergonomic}
     intx TieredStopAtLevel                        = 1                                         {product} {command line}
     bool UseCompressedOops                        = true                           {product lp64_product} {ergonomic}
     bool UseG1GC                                  = true                                      {product} {ergonomic}
     bool UseLargePagesIndividualAllocation        = false                                  {pd product} {ergonomic}

Logging:
Log output configuration:
 #0: stdout all=warning uptime,level,tags foldmultilines=false
 #1: stderr all=off uptime,level,tags foldmultilines=false

Environment Variables:
JAVA_HOME=C:\Program Files\Java\jdk-21.0.10
PATH=C:\WINDOWS;C:\WINDOWS\System32\Wbem;C:\WINDOWS\System32\WindowsPowerShell\v1.0\;C:\WINDOWS\System32\OpenSSH\;C:\Program Files\nodejs\;C:\Program Files\Git\cmd;C:\Users\PC_WIN11\AppData\Local\Programs\Python\Launcher\;C:\Users\PC_WIN11\AppData\Local\Microsoft\WindowsApps;C:\Users\PC_WIN11\AppData\Local\Programs\Microsoft VS Code\bin;C:\Users\PC_WIN11\AppData\Roaming\npm;C:\Program Files\Java\jdk-21.0.10\bin
USERNAME=PC_WIN11
OS=Windows_NT
PROCESSOR_IDENTIFIER=AMD64 Family 23 Model 104 Stepping 1, AuthenticAMD
TMP=C:\Users\PC_WIN11\AppData\Local\Temp
TEMP=C:\Users\PC_WIN11\AppData\Local\Temp




Periodic native trim disabled

---------------  S Y S T E M  ---------------

OS:
 Windows 11 , 64 bit Build 26100 (10.0.26100.8246)
OS uptime: 2 days 12:41 hours
Hyper-V role detected

CPU: total 12 (initial active 12) (12 cores per cpu, 2 threads per core) family 23 model 104 stepping 1 microcode 0x8608103, cx8, cmov, fxsr, ht, mmx, 3dnowpref, sse, sse2, sse3, ssse3, sse4a, sse4.1, sse4.2, popcnt, lzcnt, tsc, tscinvbit, avx, avx2, aes, clmul, bmi1, bmi2, adx, sha, fma, vzeroupper, clflush, clflushopt, hv, rdtscp, rdpid, f16c
Processor Information for processor 0
  Max Mhz: 2100, Current Mhz: 1813, Mhz Limit: 2100
Processor Information for processor 1
  Max Mhz: 2100, Current Mhz: 2100, Mhz Limit: 2100
Processor Information for processor 2
  Max Mhz: 2100, Current Mhz: 1813, Mhz Limit: 2100
Processor Information for processor 3
  Max Mhz: 2100, Current Mhz: 1813, Mhz Limit: 2100
Processor Information for processor 4
  Max Mhz: 2100, Current Mhz: 1813, Mhz Limit: 2100
Processor Information for processor 5
  Max Mhz: 2100, Current Mhz: 1813, Mhz Limit: 2100
Processor Information for processor 6
  Max Mhz: 2100, Current Mhz: 1813, Mhz Limit: 2100
Processor Information for processor 7
  Max Mhz: 2100, Current Mhz: 1813, Mhz Limit: 2100
Processor Information for processor 8
  Max Mhz: 2100, Current Mhz: 1813, Mhz Limit: 2100
Processor Information for processor 9
  Max Mhz: 2100, Current Mhz: 1813, Mhz Limit: 2100
Processor Information for processor 10
  Max Mhz: 2100, Current Mhz: 1813, Mhz Limit: 2100
Processor Information for processor 11
  Max Mhz: 2100, Current Mhz: 1813, Mhz Limit: 2100

Memory: 4k page, system-wide physical 7013M (707M free)
TotalPageFile size 28517M (AvailPageFile size 1M)
current process WorkingSet (physical memory assigned to process): 243M, peak: 243M
current process commit charge ("private bytes"): 283M, peak: 284M

vm_info: Java HotSpot(TM) 64-Bit Server VM (21.0.10+8-LTS-217) for windows-amd64 JRE (21.0.10+8-LTS-217), built on 2025-12-18T14:59:28Z by "mach5run" with MS VC++ 17.13 (VS2022)

END.
