#
# There is insufficient memory for the Java Runtime Environment to continue.
# Native memory allocation (malloc) failed to allocate 1048576 bytes for AllocateHeap
# Possible reasons:
#   The system is out of physical RAM or swap space
#   The process is running with CompressedOops enabled, and the Java Heap may be blocking the growth of the native heap
# Possible solutions:
#   Reduce memory load on the system
#   Increase physical memory or swap space
#   Check if swap backing store is full
#   Decrease Java heap size (-Xmx/-Xms)
#   Decrease number of Java threads
#   Decrease Java thread stack sizes (-Xss)
#   Set larger code cache with -XX:ReservedCodeCacheSize=
#   JVM is running with Unscaled Compressed Oops mode in which the Java heap is
#     placed in the first 4GB address space. The Java Heap base address is the
#     maximum limit for the native heap growth. Please use -XX:HeapBaseMinAddress
#     to set the Java Heap base and to place the Java Heap above 4GB virtual address.
# This output file may be truncated or incomplete.
#
#  Out of Memory Error (allocation.cpp:44), pid=5664, tid=3620
#
# JRE version: Java(TM) SE Runtime Environment (21.0.10+8) (build 21.0.10+8-LTS-217)
# Java VM: Java HotSpot(TM) 64-Bit Server VM (21.0.10+8-LTS-217, mixed mode, emulated-client, sharing, tiered, compressed oops, compressed class ptrs, g1 gc, windows-amd64)
# No core dump will be written. Minidumps are not enabled by default on client versions of Windows
#

---------------  S U M M A R Y ------------

Command Line: -XX:TieredStopAtLevel=1 -Dspring.output.ansi.enabled=always -Dcom.sun.management.jmxremote -Dspring.jmx.enabled=true -Dspring.liveBeansView.mbeanDomain -Dspring.application.admin.enabled=true -Dmanagement.endpoints.jmx.exposure.include=* -javaagent:C:\Program Files\JetBrains\IntelliJ IDEA 2025.3.3\lib\idea_rt.jar=61418 -Dfile.encoding=UTF-8 -Dsun.stdout.encoding=UTF-8 -Dsun.stderr.encoding=UTF-8 edu.co.sena.worksite.WorksiteApplication

Host: AMD Ryzen 5 5500U with Radeon Graphics         , 12 cores, 5G,  Windows 11 , 64 bit Build 26100 (10.0.26100.8521)
Time: Thu Jun 18 16:36:05 2026 Hora est. Pacífico, Sudamérica elapsed time: 16602.763366 seconds (0d 4h 36m 42s)

---------------  T H R E A D  ---------------

Current thread (0x000001baa2ed21b0):  VMThread "VM Thread"          [id=3620, stack(0x0000001655300000,0x0000001655400000) (1024K)]

Stack: [0x0000001655300000,0x0000001655400000]
Native frames: (J=compiled Java code, j=interpreted, Vv=VM code, C=native code)
V  [jvm.dll+0x6d0b59]
V  [jvm.dll+0x85fd56]
V  [jvm.dll+0x86224e]
V  [jvm.dll+0x862923]
V  [jvm.dll+0x282a16]
V  [jvm.dll+0xc11f7]
V  [jvm.dll+0x34c632]
V  [jvm.dll+0x346eee]
V  [jvm.dll+0x32f426]
V  [jvm.dll+0x371b44]
V  [jvm.dll+0x86861f]
V  [jvm.dll+0x8699ac]
V  [jvm.dll+0x869ee1]
V  [jvm.dll+0x86a183]
V  [jvm.dll+0x80a83d]
V  [jvm.dll+0x6cf3fd]
C  [ucrtbase.dll+0x2cd30]
C  [KERNEL32.DLL+0x2e957]
C  [ntdll.dll+0x87c1c]

VM_Operation (0x0000001655fff2a0): G1CollectFull, mode: safepoint, requested by thread 0x000001bae942b620


---------------  P R O C E S S  ---------------

Threads class SMR info:
_java_thread_list=0x000001baeb18c470, length=19, elements={
0x000001baa2eeb700, 0x000001baa2ef0ea0, 0x000001baa2ef4dd0, 0x000001baa2ef5a90,
0x000001baa2ef6620, 0x000001baa2ef7820, 0x000001baa2ef9290, 0x000001bae823dc50,
0x000001bae865a230, 0x000001bae852c1f0, 0x000001bae87d1e80, 0x000001bae89dffd0,
0x000001bae89fb770, 0x000001baea8b94e0, 0x000001baea8c0470, 0x000001baea8bc960,
0x000001bae88e1ed0, 0x000001bae989eb50, 0x000001bae942b620
}

Java Threads: ( => current thread )
  0x000001baa2eeb700 JavaThread "Reference Handler"          daemon [_thread_blocked, id=4772, stack(0x0000001655400000,0x0000001655500000) (1024K)]
  0x000001baa2ef0ea0 JavaThread "Finalizer"                  daemon [_thread_blocked, id=6580, stack(0x0000001655500000,0x0000001655600000) (1024K)]
  0x000001baa2ef4dd0 JavaThread "Signal Dispatcher"          daemon [_thread_blocked, id=18244, stack(0x0000001655600000,0x0000001655700000) (1024K)]
  0x000001baa2ef5a90 JavaThread "Attach Listener"            daemon [_thread_blocked, id=15112, stack(0x0000001655700000,0x0000001655800000) (1024K)]
  0x000001baa2ef6620 JavaThread "Service Thread"             daemon [_thread_blocked, id=22932, stack(0x0000001655800000,0x0000001655900000) (1024K)]
  0x000001baa2ef7820 JavaThread "Monitor Deflation Thread"   daemon [_thread_blocked, id=18552, stack(0x0000001655900000,0x0000001655a00000) (1024K)]
  0x000001baa2ef9290 JavaThread "C1 CompilerThread0"         daemon [_thread_blocked, id=21380, stack(0x0000001655a00000,0x0000001655b00000) (1024K)]
  0x000001bae823dc50 JavaThread "Common-Cleaner"             daemon [_thread_blocked, id=14264, stack(0x0000001655c00000,0x0000001655d00000) (1024K)]
  0x000001bae865a230 JavaThread "Monitor Ctrl-Break"         daemon [_thread_in_native, id=22148, stack(0x0000001655d00000,0x0000001655e00000) (1024K)]
  0x000001bae852c1f0 JavaThread "Notification Thread"        daemon [_thread_blocked, id=17356, stack(0x0000001655e00000,0x0000001655f00000) (1024K)]
  0x000001bae87d1e80 JavaThread "RMI TCP Accept-0"           daemon [_thread_in_native, id=17240, stack(0x0000001656100000,0x0000001656200000) (1024K)]
  0x000001bae89dffd0 JavaThread "RMI Scheduler(0)"           daemon [_thread_blocked, id=15656, stack(0x0000001656300000,0x0000001656400000) (1024K)]
  0x000001bae89fb770 JavaThread "JMX server connection timeout 26" daemon [_thread_blocked, id=12760, stack(0x0000001656400000,0x0000001656500000) (1024K)]
  0x000001baea8b94e0 JavaThread "mysql-cj-abandoned-connection-cleanup" daemon [_thread_blocked, id=24988, stack(0x0000001657600000,0x0000001657700000) (1024K)]
  0x000001baea8c0470 JavaThread "DestroyJavaVM"                     [_thread_blocked, id=13988, stack(0x0000001654c00000,0x0000001654d00000) (1024K)]
  0x000001baea8bc960 JavaThread "RMI TCP Connection(13)-192.168.20.7" daemon [_thread_blocked, id=15960, stack(0x0000001654a00000,0x0000001654b00000) (1024K)]
  0x000001bae88e1ed0 JavaThread "C1 CompilerThread1"         daemon [_thread_blocked, id=1692, stack(0x0000001654900000,0x0000001654a00000) (1024K)]
  0x000001bae989eb50 JavaThread "C1 CompilerThread2"         daemon [_thread_blocked, id=11736, stack(0x0000001654b00000,0x0000001654c00000) (1024K)]
  0x000001bae942b620 JavaThread "Thread-1"                          [_thread_blocked, id=4704, stack(0x0000001655f00000,0x0000001656000000) (1024K)]
Total: 19

Other Threads:
=>0x000001baa2ed21b0 VMThread "VM Thread"                           [id=3620, stack(0x0000001655300000,0x0000001655400000) (1024K)]
  0x000001baa2ebd8f0 WatcherThread "VM Periodic Task Thread"        [id=24584, stack(0x0000001655200000,0x0000001655300000) (1024K)]
  0x000001ba92dc9c20 WorkerThread "GC Thread#0"                     [id=21704, stack(0x0000001654d00000,0x0000001654e00000) (1024K)]
  0x000001bae8a560a0 WorkerThread "GC Thread#1"                     [id=8296, stack(0x0000001656500000,0x0000001656600000) (1024K)]
  0x000001bae8abf3e0 WorkerThread "GC Thread#2"                     [id=23100, stack(0x0000001656600000,0x0000001656700000) (1024K)]
  0x000001bae8af0670 WorkerThread "GC Thread#3"                     [id=25212, stack(0x0000001656700000,0x0000001656800000) (1024K)]
  0x000001bae8af5ac0 WorkerThread "GC Thread#4"                     [id=12092, stack(0x0000001656800000,0x0000001656900000) (1024K)]
  0x000001bae8af6540 WorkerThread "GC Thread#5"                     [id=24204, stack(0x0000001656900000,0x0000001656a00000) (1024K)]
  0x000001bae8af68f0 WorkerThread "GC Thread#6"                     [id=22976, stack(0x0000001656a00000,0x0000001656b00000) (1024K)]
  0x000001bae8af8290 WorkerThread "GC Thread#7"                     [id=24036, stack(0x0000001656b00000,0x0000001656c00000) (1024K)]
  0x000001bae8ae8280 WorkerThread "GC Thread#8"                     [id=1496, stack(0x0000001656c00000,0x0000001656d00000) (1024K)]
  0x000001bae8ae8630 WorkerThread "GC Thread#9"                     [id=14648, stack(0x0000001656d00000,0x0000001656e00000) (1024K)]
  0x000001ba92dd6750 ConcurrentGCThread "G1 Main Marker"            [id=5792, stack(0x0000001654e00000,0x0000001654f00000) (1024K)]
  0x000001ba92dd7260 WorkerThread "G1 Conc#0"                       [id=22164, stack(0x0000001654f00000,0x0000001655000000) (1024K)]
  0x000001bae9d030d0 WorkerThread "G1 Conc#1"                       [id=24960, stack(0x0000001657200000,0x0000001657300000) (1024K)]
  0x000001bae9d03480 WorkerThread "G1 Conc#2"                       [id=16420, stack(0x0000001657300000,0x0000001657400000) (1024K)]
  0x000001baa2d8d170 ConcurrentGCThread "G1 Refine#0"               [id=17116, stack(0x0000001655000000,0x0000001655100000) (1024K)]
  0x000001baa2d8fbb0 ConcurrentGCThread "G1 Service"                [id=11120, stack(0x0000001655100000,0x0000001655200000) (1024K)]
Total: 18

Threads with active compile tasks:
Total: 0

VM state: at safepoint (normal execution)

VM Mutex/Monitor currently owned by a thread:  ([mutex/lock_event])
[0x00007ffba8359f10] Threads_lock - owner thread: 0x000001baa2ed21b0
[0x00007ffba835a010] Heap_lock - owner thread: 0x000001bae942b620

Heap address: 0x00000000a2600000, size: 1498 MB, Compressed Oops mode: 32-bit

CDS archive(s) mapped at: [0x000001baa3000000-0x000001baa3c90000-0x000001baa3c90000), size 13172736, SharedBaseAddress: 0x000001baa3000000, ArchiveRelocationMode: 1.
Compressed class space mapped at: 0x000001baa4000000-0x000001bae4000000, reserved size: 1073741824
Narrow klass base: 0x000001baa3000000, Narrow klass shift: 0, Narrow klass range: 0x100000000

GC Precious Log:
 CardTable entry size: 512
 Card Set container configuration: InlinePtr #cards 5 size 8 Array Of Cards #cards 12 size 40 Howl #buckets 4 coarsen threshold 1843 Howl Bitmap #cards 512 size 80 coarsen threshold 460 Card regions per heap region 1 cards per card region 2048
 CPUs: 12 total, 12 available
 Memory: 5989M
 Large Page Support: Disabled
 NUMA Support: Disabled
 Compressed Oops: Enabled (32-bit)
 Heap Region Size: 1M
 Heap Min Capacity: 8M
 Heap Initial Capacity: 94M
 Heap Max Capacity: 1498M
 Pre-touch: Disabled
 Parallel Workers: 10
 Concurrent Workers: 3
 Concurrent Refinement Workers: 10
 Periodic GC: Disabled

Heap:
 garbage-first heap   total 91136K, used 74089K [0x00000000a2600000, 0x0000000100000000)
  region size 1024K, 47 young (48128K), 1 survivors (1024K)
 Metaspace       used 72847K, committed 73536K, reserved 1114112K
  class space    used 10400K, committed 10688K, reserved 1048576K

Heap Regions: E=young(eden), S=young(survivor), O=old, HS=humongous(starts), HC=humongous(continues), CS=collection set, F=free, TAMS=top-at-mark-start, PB=parsable bottom
|   0|0x00000000a2600000, 0x00000000a2700000, 0x00000000a2700000|100%|HS|  |TAMS 0x00000000a2600000| PB 0x00000000a2600000| Complete 
|   1|0x00000000a2700000, 0x00000000a2800000, 0x00000000a2800000|100%|HS|  |TAMS 0x00000000a2700000| PB 0x00000000a2700000| Complete 
|   2|0x00000000a2800000, 0x00000000a2900000, 0x00000000a2900000|100%| O|  |TAMS 0x00000000a2800000| PB 0x00000000a2800000| Untracked 
|   3|0x00000000a2900000, 0x00000000a2a00000, 0x00000000a2a00000|100%| O|  |TAMS 0x00000000a2900000| PB 0x00000000a2900000| Untracked 
|   4|0x00000000a2a00000, 0x00000000a2b00000, 0x00000000a2b00000|100%| O|  |TAMS 0x00000000a2a00000| PB 0x00000000a2a00000| Untracked 
|   5|0x00000000a2b00000, 0x00000000a2bf1550, 0x00000000a2c00000| 94%| O|  |TAMS 0x00000000a2b00000| PB 0x00000000a2b00000| Untracked 
|   6|0x00000000a2c00000, 0x00000000a2c00000, 0x00000000a2d00000|  0%| F|  |TAMS 0x00000000a2c00000| PB 0x00000000a2c00000| Untracked 
|   7|0x00000000a2d00000, 0x00000000a2e00000, 0x00000000a2e00000|100%| O|  |TAMS 0x00000000a2d00000| PB 0x00000000a2d00000| Untracked 
|   8|0x00000000a2e00000, 0x00000000a2f00000, 0x00000000a2f00000|100%| O|  |TAMS 0x00000000a2e00000| PB 0x00000000a2e00000| Untracked 
|   9|0x00000000a2f00000, 0x00000000a3000000, 0x00000000a3000000|100%| O|  |TAMS 0x00000000a2f00000| PB 0x00000000a2f00000| Untracked 
|  10|0x00000000a3000000, 0x00000000a3100000, 0x00000000a3100000|100%| O|  |TAMS 0x00000000a3000000| PB 0x00000000a3000000| Untracked 
|  11|0x00000000a3100000, 0x00000000a3200000, 0x00000000a3200000|100%| O|  |TAMS 0x00000000a3100000| PB 0x00000000a3100000| Untracked 
|  12|0x00000000a3200000, 0x00000000a3300000, 0x00000000a3300000|100%| O|  |TAMS 0x00000000a3200000| PB 0x00000000a3200000| Untracked 
|  13|0x00000000a3300000, 0x00000000a3400000, 0x00000000a3400000|100%| O|  |TAMS 0x00000000a3300000| PB 0x00000000a3300000| Untracked 
|  14|0x00000000a3400000, 0x00000000a3500000, 0x00000000a3500000|100%| O|  |TAMS 0x00000000a3400000| PB 0x00000000a3400000| Untracked 
|  15|0x00000000a3500000, 0x00000000a3600000, 0x00000000a3600000|100%| O|  |TAMS 0x00000000a3500000| PB 0x00000000a3500000| Untracked 
|  16|0x00000000a3600000, 0x00000000a3700000, 0x00000000a3700000|100%| O|  |TAMS 0x00000000a3600000| PB 0x00000000a3600000| Untracked 
|  17|0x00000000a3700000, 0x00000000a3800000, 0x00000000a3800000|100%| O|  |TAMS 0x00000000a3700000| PB 0x00000000a3700000| Untracked 
|  18|0x00000000a3800000, 0x00000000a3900000, 0x00000000a3900000|100%| O|  |TAMS 0x00000000a3800000| PB 0x00000000a3800000| Untracked 
|  19|0x00000000a3900000, 0x00000000a3a00000, 0x00000000a3a00000|100%| O|  |TAMS 0x00000000a3900000| PB 0x00000000a3900000| Untracked 
|  20|0x00000000a3a00000, 0x00000000a3b00000, 0x00000000a3b00000|100%| O|  |TAMS 0x00000000a3a00000| PB 0x00000000a3a00000| Untracked 
|  21|0x00000000a3b00000, 0x00000000a3b00000, 0x00000000a3c00000|  0%| F|  |TAMS 0x00000000a3b00000| PB 0x00000000a3b00000| Untracked 
|  22|0x00000000a3c00000, 0x00000000a3d00000, 0x00000000a3d00000|100%| O|  |TAMS 0x00000000a3c00000| PB 0x00000000a3c00000| Untracked 
|  23|0x00000000a3d00000, 0x00000000a3e00000, 0x00000000a3e00000|100%| O|  |TAMS 0x00000000a3d00000| PB 0x00000000a3d00000| Untracked 
|  24|0x00000000a3e00000, 0x00000000a3e00000, 0x00000000a3f00000|  0%| F|  |TAMS 0x00000000a3e00000| PB 0x00000000a3e00000| Untracked 
|  25|0x00000000a3f00000, 0x00000000a3f00000, 0x00000000a4000000|  0%| F|  |TAMS 0x00000000a3f00000| PB 0x00000000a3f00000| Untracked 
|  26|0x00000000a4000000, 0x00000000a4000000, 0x00000000a4100000|  0%| F|  |TAMS 0x00000000a4000000| PB 0x00000000a4000000| Untracked 
|  27|0x00000000a4100000, 0x00000000a4200000, 0x00000000a4200000|100%| O|  |TAMS 0x00000000a4100000| PB 0x00000000a4100000| Untracked 
|  28|0x00000000a4200000, 0x00000000a4200000, 0x00000000a4300000|  0%| F|  |TAMS 0x00000000a4200000| PB 0x00000000a4200000| Untracked 
|  29|0x00000000a4300000, 0x00000000a4400000, 0x00000000a4400000|100%| O|  |TAMS 0x00000000a4300000| PB 0x00000000a4300000| Untracked 
|  30|0x00000000a4400000, 0x00000000a4500000, 0x00000000a4500000|100%| O|  |TAMS 0x00000000a4400000| PB 0x00000000a4400000| Untracked 
|  31|0x00000000a4500000, 0x00000000a4500000, 0x00000000a4600000|  0%| F|  |TAMS 0x00000000a4500000| PB 0x00000000a4500000| Untracked 
|  32|0x00000000a4600000, 0x00000000a4700000, 0x00000000a4700000|100%| O|  |TAMS 0x00000000a4600000| PB 0x00000000a4600000| Untracked 
|  33|0x00000000a4700000, 0x00000000a4700000, 0x00000000a4800000|  0%| F|  |TAMS 0x00000000a4700000| PB 0x00000000a4700000| Untracked 
|  34|0x00000000a4800000, 0x00000000a4800000, 0x00000000a4900000|  0%| F|  |TAMS 0x00000000a4800000| PB 0x00000000a4800000| Untracked 
|  35|0x00000000a4900000, 0x00000000a4968f38, 0x00000000a4a00000| 40%| S|CS|TAMS 0x00000000a4900000| PB 0x00000000a4900000| Complete 
|  36|0x00000000a4a00000, 0x00000000a4a00000, 0x00000000a4b00000|  0%| F|  |TAMS 0x00000000a4a00000| PB 0x00000000a4a00000| Untracked 
|  37|0x00000000a4b00000, 0x00000000a4c00000, 0x00000000a4c00000|100%| O|  |TAMS 0x00000000a4b00000| PB 0x00000000a4b00000| Untracked 
|  38|0x00000000a4c00000, 0x00000000a4c00000, 0x00000000a4d00000|  0%| F|  |TAMS 0x00000000a4c00000| PB 0x00000000a4c00000| Untracked 
|  39|0x00000000a4d00000, 0x00000000a4d00000, 0x00000000a4e00000|  0%| F|  |TAMS 0x00000000a4d00000| PB 0x00000000a4d00000| Untracked 
|  40|0x00000000a4e00000, 0x00000000a4e00000, 0x00000000a4f00000|  0%| F|  |TAMS 0x00000000a4e00000| PB 0x00000000a4e00000| Untracked 
|  41|0x00000000a4f00000, 0x00000000a4f00000, 0x00000000a5000000|  0%| F|  |TAMS 0x00000000a4f00000| PB 0x00000000a4f00000| Untracked 
|  42|0x00000000a5000000, 0x00000000a5000000, 0x00000000a5100000|  0%| F|  |TAMS 0x00000000a5000000| PB 0x00000000a5000000| Untracked 
|  43|0x00000000a5100000, 0x00000000a5116310, 0x00000000a5200000|  8%| E|  |TAMS 0x00000000a5100000| PB 0x00000000a5100000| Complete 
|  44|0x00000000a5200000, 0x00000000a5300000, 0x00000000a5300000|100%| E|CS|TAMS 0x00000000a5200000| PB 0x00000000a5200000| Complete 
|  45|0x00000000a5300000, 0x00000000a5400000, 0x00000000a5400000|100%| E|CS|TAMS 0x00000000a5300000| PB 0x00000000a5300000| Complete 
|  46|0x00000000a5400000, 0x00000000a5500000, 0x00000000a5500000|100%| E|CS|TAMS 0x00000000a5400000| PB 0x00000000a5400000| Complete 
|  47|0x00000000a5500000, 0x00000000a5600000, 0x00000000a5600000|100%| E|CS|TAMS 0x00000000a5500000| PB 0x00000000a5500000| Complete 
|  48|0x00000000a5600000, 0x00000000a5700000, 0x00000000a5700000|100%| E|CS|TAMS 0x00000000a5600000| PB 0x00000000a5600000| Complete 
|  49|0x00000000a5700000, 0x00000000a5800000, 0x00000000a5800000|100%| E|CS|TAMS 0x00000000a5700000| PB 0x00000000a5700000| Complete 
|  50|0x00000000a5800000, 0x00000000a5900000, 0x00000000a5900000|100%| E|CS|TAMS 0x00000000a5800000| PB 0x00000000a5800000| Complete 
|  51|0x00000000a5900000, 0x00000000a5a00000, 0x00000000a5a00000|100%| E|CS|TAMS 0x00000000a5900000| PB 0x00000000a5900000| Complete 
|  52|0x00000000a5a00000, 0x00000000a5b00000, 0x00000000a5b00000|100%| E|CS|TAMS 0x00000000a5a00000| PB 0x00000000a5a00000| Complete 
|  53|0x00000000a5b00000, 0x00000000a5c00000, 0x00000000a5c00000|100%| E|CS|TAMS 0x00000000a5b00000| PB 0x00000000a5b00000| Complete 
|  54|0x00000000a5c00000, 0x00000000a5d00000, 0x00000000a5d00000|100%| E|CS|TAMS 0x00000000a5c00000| PB 0x00000000a5c00000| Complete 
|  55|0x00000000a5d00000, 0x00000000a5e00000, 0x00000000a5e00000|100%| E|CS|TAMS 0x00000000a5d00000| PB 0x00000000a5d00000| Complete 
|  56|0x00000000a5e00000, 0x00000000a5f00000, 0x00000000a5f00000|100%| E|CS|TAMS 0x00000000a5e00000| PB 0x00000000a5e00000| Complete 
|  57|0x00000000a5f00000, 0x00000000a6000000, 0x00000000a6000000|100%| E|CS|TAMS 0x00000000a5f00000| PB 0x00000000a5f00000| Complete 
|  58|0x00000000a6000000, 0x00000000a6100000, 0x00000000a6100000|100%| E|CS|TAMS 0x00000000a6000000| PB 0x00000000a6000000| Complete 
|  59|0x00000000a6100000, 0x00000000a6200000, 0x00000000a6200000|100%| E|CS|TAMS 0x00000000a6100000| PB 0x00000000a6100000| Complete 
|  60|0x00000000a6200000, 0x00000000a6300000, 0x00000000a6300000|100%| E|CS|TAMS 0x00000000a6200000| PB 0x00000000a6200000| Complete 
|  61|0x00000000a6300000, 0x00000000a6400000, 0x00000000a6400000|100%| E|CS|TAMS 0x00000000a6300000| PB 0x00000000a6300000| Complete 
|  62|0x00000000a6400000, 0x00000000a6500000, 0x00000000a6500000|100%| E|CS|TAMS 0x00000000a6400000| PB 0x00000000a6400000| Complete 
|  63|0x00000000a6500000, 0x00000000a6600000, 0x00000000a6600000|100%| E|CS|TAMS 0x00000000a6500000| PB 0x00000000a6500000| Complete 
|  64|0x00000000a6600000, 0x00000000a6700000, 0x00000000a6700000|100%| E|CS|TAMS 0x00000000a6600000| PB 0x00000000a6600000| Complete 
|  65|0x00000000a6700000, 0x00000000a6800000, 0x00000000a6800000|100%| E|CS|TAMS 0x00000000a6700000| PB 0x00000000a6700000| Complete 
|  66|0x00000000a6800000, 0x00000000a6900000, 0x00000000a6900000|100%| E|CS|TAMS 0x00000000a6800000| PB 0x00000000a6800000| Complete 
|  67|0x00000000a6900000, 0x00000000a6a00000, 0x00000000a6a00000|100%| E|CS|TAMS 0x00000000a6900000| PB 0x00000000a6900000| Complete 
|  68|0x00000000a6a00000, 0x00000000a6b00000, 0x00000000a6b00000|100%| E|CS|TAMS 0x00000000a6a00000| PB 0x00000000a6a00000| Complete 
|  69|0x00000000a6b00000, 0x00000000a6c00000, 0x00000000a6c00000|100%| E|CS|TAMS 0x00000000a6b00000| PB 0x00000000a6b00000| Complete 
|  70|0x00000000a6c00000, 0x00000000a6d00000, 0x00000000a6d00000|100%| E|CS|TAMS 0x00000000a6c00000| PB 0x00000000a6c00000| Complete 
|  71|0x00000000a6d00000, 0x00000000a6e00000, 0x00000000a6e00000|100%| E|CS|TAMS 0x00000000a6d00000| PB 0x00000000a6d00000| Complete 
|  72|0x00000000a6e00000, 0x00000000a6f00000, 0x00000000a6f00000|100%| E|CS|TAMS 0x00000000a6e00000| PB 0x00000000a6e00000| Complete 
|  73|0x00000000a6f00000, 0x00000000a7000000, 0x00000000a7000000|100%| E|CS|TAMS 0x00000000a6f00000| PB 0x00000000a6f00000| Complete 
|  74|0x00000000a7000000, 0x00000000a7100000, 0x00000000a7100000|100%| E|CS|TAMS 0x00000000a7000000| PB 0x00000000a7000000| Complete 
|  75|0x00000000a7100000, 0x00000000a7200000, 0x00000000a7200000|100%| E|CS|TAMS 0x00000000a7100000| PB 0x00000000a7100000| Complete 
|  76|0x00000000a7200000, 0x00000000a7300000, 0x00000000a7300000|100%| E|CS|TAMS 0x00000000a7200000| PB 0x00000000a7200000| Complete 
|  77|0x00000000a7300000, 0x00000000a7400000, 0x00000000a7400000|100%| E|CS|TAMS 0x00000000a7300000| PB 0x00000000a7300000| Complete 
|  78|0x00000000a7400000, 0x00000000a7500000, 0x00000000a7500000|100%| E|CS|TAMS 0x00000000a7400000| PB 0x00000000a7400000| Complete 
|  79|0x00000000a7500000, 0x00000000a7600000, 0x00000000a7600000|100%| E|CS|TAMS 0x00000000a7500000| PB 0x00000000a7500000| Complete 
|  80|0x00000000a7600000, 0x00000000a7700000, 0x00000000a7700000|100%| E|CS|TAMS 0x00000000a7600000| PB 0x00000000a7600000| Complete 
|  81|0x00000000a7700000, 0x00000000a7800000, 0x00000000a7800000|100%| E|CS|TAMS 0x00000000a7700000| PB 0x00000000a7700000| Complete 
|  82|0x00000000a7800000, 0x00000000a7900000, 0x00000000a7900000|100%| E|CS|TAMS 0x00000000a7800000| PB 0x00000000a7800000| Complete 
|  83|0x00000000a7900000, 0x00000000a7a00000, 0x00000000a7a00000|100%| E|CS|TAMS 0x00000000a7900000| PB 0x00000000a7900000| Complete 
|  84|0x00000000a7a00000, 0x00000000a7b00000, 0x00000000a7b00000|100%| E|CS|TAMS 0x00000000a7a00000| PB 0x00000000a7a00000| Complete 
|  85|0x00000000a7b00000, 0x00000000a7c00000, 0x00000000a7c00000|100%| E|CS|TAMS 0x00000000a7b00000| PB 0x00000000a7b00000| Complete 
|  86|0x00000000a7c00000, 0x00000000a7d00000, 0x00000000a7d00000|100%| E|CS|TAMS 0x00000000a7c00000| PB 0x00000000a7c00000| Complete 
|  87|0x00000000a7d00000, 0x00000000a7e00000, 0x00000000a7e00000|100%| E|CS|TAMS 0x00000000a7d00000| PB 0x00000000a7d00000| Complete 
|  93|0x00000000a8300000, 0x00000000a8400000, 0x00000000a8400000|100%| E|CS|TAMS 0x00000000a8300000| PB 0x00000000a8300000| Complete 

Card table byte_map: [0x000001ba9e830000,0x000001ba9eb20000] _byte_map_base: 0x000001ba9e31d000

Marking Bits: (CMBitMap*) 0x000001ba92dca330
 Bits: [0x000001ba9eb20000, 0x000001baa0288000)

Polling page: 0x000001ba90be0000

Metaspace:

Usage:
  Non-class:     60.98 MB used.
      Class:     10.16 MB used.
       Both:     71.14 MB used.

Virtual space:
  Non-class space:       64.00 MB reserved,      61.38 MB ( 96%) committed,  1 nodes.
      Class space:        1.00 GB reserved,      10.44 MB (  1%) committed,  1 nodes.
             Both:        1.06 GB reserved,      71.81 MB (  7%) committed. 

Chunk freelists:
   Non-Class:  2.48 MB
       Class:  5.52 MB
        Both:  8.00 MB

MaxMetaspaceSize: unlimited
CompressedClassSpaceSize: 1.00 GB
Initial GC threshold: 21.00 MB
Current GC threshold: 119.50 MB
CDS: on
 - commit_granule_bytes: 65536.
 - commit_granule_words: 8192.
 - virtual_space_node_default_size: 8388608.
 - enlarge_chunks_in_place: 1.
 - use_allocation_guard: 0.


Internal statistics:

num_allocs_failed_limit: 9.
num_arena_births: 1598.
num_arena_deaths: 718.
num_vsnodes_births: 2.
num_vsnodes_deaths: 0.
num_space_committed: 1150.
num_space_uncommitted: 1.
num_chunks_returned_to_freelist: 912.
num_chunks_taken_from_freelist: 4613.
num_chunk_merges: 172.
num_chunk_splits: 2872.
num_chunks_enlarged: 2198.
num_inconsistent_stats: 0.

CodeCache: size=49152Kb used=6778Kb max_used=12872Kb free=42373Kb
 bounds [0x000001ba9b210000, 0x000001ba9bfc0000, 0x000001ba9e210000]
 total_blobs=3182 nmethods=2459 adapters=645
 compilation: enabled
              stopped_count=0, restarted_count=0
 full_count=0

Compilation events (20 events):
Event: 16601.739 Thread 0x000001baa2ef9290 7813       1       java.io.WinNTFileSystem::isSlash (18 bytes)
Event: 16601.740 Thread 0x000001baa2ef9290 nmethod 7813 0x000001ba9b670b90 code [0x000001ba9b670d20, 0x000001ba9b670e10]
Event: 16601.743 Thread 0x000001bae88e1ed0 7815       1       java.lang.invoke.MethodTypeForm::<init> (322 bytes)
Event: 16601.743 Thread 0x000001baa2ef9290 7814       1       java.lang.String::lastIndexOf (12 bytes)
Event: 16601.744 Thread 0x000001baa2ef9290 nmethod 7814 0x000001ba9b688c90 code [0x000001ba9b688e40, 0x000001ba9b688fa0]
Event: 16601.744 Thread 0x000001baa2ef9290 7816       1       java.lang.invoke.StringConcatFactory::prepender (67 bytes)
Event: 16601.744 Thread 0x000001bae989eb50 7817       1       sun.invoke.util.Wrapper::forBasicType (103 bytes)
Event: 16601.744 Thread 0x000001baa2ef9290 nmethod 7816 0x000001ba9b6b9d10 code [0x000001ba9b6b9f00, 0x000001ba9b6ba3d8]
Event: 16601.744 Thread 0x000001bae989eb50 nmethod 7817 0x000001ba9b688690 code [0x000001ba9b6888a0, 0x000001ba9b688bc8]
Event: 16601.745 Thread 0x000001bae88e1ed0 nmethod 7815 0x000001ba9b412590 code [0x000001ba9b4127c0, 0x000001ba9b4131d8]
Event: 16601.746 Thread 0x000001bae88e1ed0 7818       1       java.lang.Thread::checkAccess (14 bytes)
Event: 16601.746 Thread 0x000001bae88e1ed0 nmethod 7818 0x000001ba9b6c2590 code [0x000001ba9b6c2720, 0x000001ba9b6c27e8]
Event: 16601.746 Thread 0x000001bae88e1ed0 7819       1       org.apache.juli.logging.DirectJDKLog::isDebugEnabled (11 bytes)
Event: 16601.747 Thread 0x000001bae989eb50 7820       1       java.util.logging.Logger::isLoggable (27 bytes)
Event: 16601.747 Thread 0x000001baa2ef9290 7821       1       java.util.logging.Level::intValue (5 bytes)
Event: 16601.747 Thread 0x000001baa2ef9290 nmethod 7821 0x000001ba9b6c2290 code [0x000001ba9b6c2420, 0x000001ba9b6c24e8]
Event: 16601.747 Thread 0x000001bae989eb50 nmethod 7820 0x000001ba9b6c1e90 code [0x000001ba9b6c2040, 0x000001ba9b6c2160]
Event: 16601.747 Thread 0x000001bae989eb50 7822  s    1       org.apache.catalina.util.LifecycleBase::setStateInternal (144 bytes)
Event: 16601.747 Thread 0x000001bae88e1ed0 nmethod 7819 0x000001ba9b735810 code [0x000001ba9b7359a0, 0x000001ba9b735ab0]
Event: 16601.747 Thread 0x000001bae989eb50 nmethod 7822 0x000001ba9b961110 code [0x000001ba9b961340, 0x000001ba9b961a70]

GC Heap History (20 events):
Event: 12582.139 GC heap after
{Heap after GC invocations=83 (full 0):
 garbage-first heap   total 75776K, used 27986K [0x00000000a2600000, 0x0000000100000000)
  region size 1024K, 1 young (1024K), 1 survivors (1024K)
 Metaspace       used 72683K, committed 73408K, reserved 1114112K
  class space    used 10359K, committed 10688K, reserved 1048576K
}
Event: 12928.301 GC heap before
{Heap before GC invocations=83 (full 0):
 garbage-first heap   total 75776K, used 68946K [0x00000000a2600000, 0x0000000100000000)
  region size 1024K, 41 young (41984K), 1 survivors (1024K)
 Metaspace       used 72683K, committed 73408K, reserved 1114112K
  class space    used 10359K, committed 10688K, reserved 1048576K
}
Event: 12928.304 GC heap after
{Heap after GC invocations=84 (full 0):
 garbage-first heap   total 75776K, used 27986K [0x00000000a2600000, 0x0000000100000000)
  region size 1024K, 1 young (1024K), 1 survivors (1024K)
 Metaspace       used 72683K, committed 73408K, reserved 1114112K
  class space    used 10359K, committed 10688K, reserved 1048576K
}
Event: 13279.263 GC heap before
{Heap before GC invocations=85 (full 0):
 garbage-first heap   total 75776K, used 68946K [0x00000000a2600000, 0x0000000100000000)
  region size 1024K, 41 young (41984K), 1 survivors (1024K)
 Metaspace       used 72683K, committed 73408K, reserved 1114112K
  class space    used 10359K, committed 10688K, reserved 1048576K
}
Event: 13279.264 GC heap after
{Heap after GC invocations=86 (full 0):
 garbage-first heap   total 75776K, used 27929K [0x00000000a2600000, 0x0000000100000000)
  region size 1024K, 1 young (1024K), 1 survivors (1024K)
 Metaspace       used 72683K, committed 73408K, reserved 1114112K
  class space    used 10359K, committed 10688K, reserved 1048576K
}
Event: 13630.494 GC heap before
{Heap before GC invocations=86 (full 0):
 garbage-first heap   total 75776K, used 68889K [0x00000000a2600000, 0x0000000100000000)
  region size 1024K, 41 young (41984K), 1 survivors (1024K)
 Metaspace       used 72683K, committed 73408K, reserved 1114112K
  class space    used 10359K, committed 10688K, reserved 1048576K
}
Event: 13630.496 GC heap after
{Heap after GC invocations=87 (full 0):
 garbage-first heap   total 75776K, used 27919K [0x00000000a2600000, 0x0000000100000000)
  region size 1024K, 1 young (1024K), 1 survivors (1024K)
 Metaspace       used 72683K, committed 73408K, reserved 1114112K
  class space    used 10359K, committed 10688K, reserved 1048576K
}
Event: 13977.850 GC heap before
{Heap before GC invocations=88 (full 0):
 garbage-first heap   total 75776K, used 68879K [0x00000000a2600000, 0x0000000100000000)
  region size 1024K, 41 young (41984K), 1 survivors (1024K)
 Metaspace       used 72683K, committed 73408K, reserved 1114112K
  class space    used 10359K, committed 10688K, reserved 1048576K
}
Event: 13977.853 GC heap after
{Heap after GC invocations=89 (full 0):
 garbage-first heap   total 91136K, used 27950K [0x00000000a2600000, 0x0000000100000000)
  region size 1024K, 1 young (1024K), 1 survivors (1024K)
 Metaspace       used 72683K, committed 73408K, reserved 1114112K
  class space    used 10359K, committed 10688K, reserved 1048576K
}
Event: 14426.498 GC heap before
{Heap before GC invocations=89 (full 0):
 garbage-first heap   total 91136K, used 81198K [0x00000000a2600000, 0x0000000100000000)
  region size 1024K, 53 young (54272K), 1 survivors (1024K)
 Metaspace       used 72683K, committed 73408K, reserved 1114112K
  class space    used 10359K, committed 10688K, reserved 1048576K
}
Event: 14426.502 GC heap after
{Heap after GC invocations=90 (full 0):
 garbage-first heap   total 91136K, used 28023K [0x00000000a2600000, 0x0000000100000000)
  region size 1024K, 1 young (1024K), 1 survivors (1024K)
 Metaspace       used 72683K, committed 73408K, reserved 1114112K
  class space    used 10359K, committed 10688K, reserved 1048576K
}
Event: 14878.766 GC heap before
{Heap before GC invocations=91 (full 0):
 garbage-first heap   total 91136K, used 81271K [0x00000000a2600000, 0x0000000100000000)
  region size 1024K, 53 young (54272K), 1 survivors (1024K)
 Metaspace       used 72683K, committed 73408K, reserved 1114112K
  class space    used 10359K, committed 10688K, reserved 1048576K
}
Event: 14878.770 GC heap after
{Heap after GC invocations=92 (full 0):
 garbage-first heap   total 91136K, used 28041K [0x00000000a2600000, 0x0000000100000000)
  region size 1024K, 1 young (1024K), 1 survivors (1024K)
 Metaspace       used 72683K, committed 73408K, reserved 1114112K
  class space    used 10359K, committed 10688K, reserved 1048576K
}
Event: 15329.299 GC heap before
{Heap before GC invocations=92 (full 0):
 garbage-first heap   total 91136K, used 81289K [0x00000000a2600000, 0x0000000100000000)
  region size 1024K, 53 young (54272K), 1 survivors (1024K)
 Metaspace       used 72683K, committed 73408K, reserved 1114112K
  class space    used 10359K, committed 10688K, reserved 1048576K
}
Event: 15329.301 GC heap after
{Heap after GC invocations=93 (full 0):
 garbage-first heap   total 91136K, used 28135K [0x00000000a2600000, 0x0000000100000000)
  region size 1024K, 1 young (1024K), 1 survivors (1024K)
 Metaspace       used 72683K, committed 73408K, reserved 1114112K
  class space    used 10359K, committed 10688K, reserved 1048576K
}
Event: 15777.090 GC heap before
{Heap before GC invocations=94 (full 0):
 garbage-first heap   total 91136K, used 81383K [0x00000000a2600000, 0x0000000100000000)
  region size 1024K, 53 young (54272K), 1 survivors (1024K)
 Metaspace       used 72683K, committed 73408K, reserved 1114112K
  class space    used 10359K, committed 10688K, reserved 1048576K
}
Event: 15777.092 GC heap after
{Heap after GC invocations=95 (full 0):
 garbage-first heap   total 91136K, used 28061K [0x00000000a2600000, 0x0000000100000000)
  region size 1024K, 1 young (1024K), 1 survivors (1024K)
 Metaspace       used 72683K, committed 73408K, reserved 1114112K
  class space    used 10359K, committed 10688K, reserved 1048576K
}
Event: 16226.488 GC heap before
{Heap before GC invocations=95 (full 0):
 garbage-first heap   total 91136K, used 81309K [0x00000000a2600000, 0x0000000100000000)
  region size 1024K, 53 young (54272K), 1 survivors (1024K)
 Metaspace       used 72683K, committed 73408K, reserved 1114112K
  class space    used 10359K, committed 10688K, reserved 1048576K
}
Event: 16226.491 GC heap after
{Heap after GC invocations=96 (full 0):
 garbage-first heap   total 91136K, used 28009K [0x00000000a2600000, 0x0000000100000000)
  region size 1024K, 1 young (1024K), 1 survivors (1024K)
 Metaspace       used 72683K, committed 73408K, reserved 1114112K
  class space    used 10359K, committed 10688K, reserved 1048576K
}
Event: 16601.748 GC heap before
{Heap before GC invocations=97 (full 0):
 garbage-first heap   total 91136K, used 74089K [0x00000000a2600000, 0x0000000100000000)
  region size 1024K, 47 young (48128K), 1 survivors (1024K)
 Metaspace       used 72847K, committed 73536K, reserved 1114112K
  class space    used 10400K, committed 10688K, reserved 1048576K
}

Dll operation events (11 events):
Event: 0.030 Loaded shared library C:\Program Files\Java\jdk-21.0.10\bin\java.dll
Event: 0.323 Loaded shared library C:\Program Files\Java\jdk-21.0.10\bin\zip.dll
Event: 0.334 Loaded shared library C:\Program Files\Java\jdk-21.0.10\bin\instrument.dll
Event: 0.347 Loaded shared library C:\Program Files\Java\jdk-21.0.10\bin\net.dll
Event: 0.362 Loaded shared library C:\Program Files\Java\jdk-21.0.10\bin\nio.dll
Event: 0.370 Loaded shared library C:\Program Files\Java\jdk-21.0.10\bin\zip.dll
Event: 0.695 Loaded shared library C:\Program Files\Java\jdk-21.0.10\bin\jimage.dll
Event: 0.750 Loaded shared library C:\Program Files\Java\jdk-21.0.10\bin\extnet.dll
Event: 0.763 Loaded shared library C:\Program Files\Java\jdk-21.0.10\bin\management.dll
Event: 0.805 Loaded shared library C:\Program Files\Java\jdk-21.0.10\bin\management_ext.dll
Event: 5.543 Loaded shared library C:\Program Files\Java\jdk-21.0.10\bin\sunmscapi.dll

Deoptimization events (2 events):
Event: 173.810 Thread 0x000001bae942b620 DEOPT PACKING pc=0x000001ba9bd9103c sp=0x00000016570fee70
Event: 173.810 Thread 0x000001bae942b620 DEOPT UNPACKING pc=0x000001ba9b264e42 sp=0x00000016570fe308 mode 0

Classes loaded (20 events):
Event: 1428.881 Loading class java/security/Key done
Event: 1428.881 Loading class javax/security/auth/Destroyable
Event: 1428.883 Loading class javax/security/auth/Destroyable done
Event: 1428.883 Loading class java/security/PrivateKey done
Event: 1428.885 Loading class javax/net/ssl/SSLSocket
Event: 1428.888 Loading class javax/net/ssl/SSLSocket done
Event: 1428.888 Loading class javax/crypto/NoSuchPaddingException
Event: 1428.888 Loading class javax/crypto/NoSuchPaddingException done
Event: 1428.889 Loading class javax/crypto/IllegalBlockSizeException
Event: 1428.889 Loading class javax/crypto/IllegalBlockSizeException done
Event: 1428.889 Loading class javax/crypto/BadPaddingException
Event: 1428.889 Loading class javax/crypto/BadPaddingException done
Event: 1428.889 Loading class java/security/spec/InvalidKeySpecException
Event: 1428.890 Loading class java/security/spec/InvalidKeySpecException done
Event: 1428.890 Loading class java/security/spec/KeySpec
Event: 1428.890 Loading class java/security/spec/KeySpec done
Event: 16599.648 Loading class java/util/concurrent/locks/AbstractQueuedSynchronizer$SharedNode
Event: 16599.650 Loading class java/util/concurrent/locks/AbstractQueuedSynchronizer$SharedNode done
Event: 16601.742 Loading class java/util/WeakHashMap$KeyIterator
Event: 16601.743 Loading class java/util/WeakHashMap$KeyIterator done

Classes unloaded (20 events):
Event: 13630.510 Thread 0x000001baa2ed21b0 Unloading class 0x000001baa4980400 'java/lang/invoke/LambdaForm$MH+0x000001baa4980400'
Event: 14426.517 Thread 0x000001baa2ed21b0 Unloading class 0x000001baa4a44c00 'java/lang/invoke/LambdaForm$MH+0x000001baa4a44c00'
Event: 14426.517 Thread 0x000001baa2ed21b0 Unloading class 0x000001baa4a44000 'jdk/internal/reflect/GeneratedSerializationConstructorAccessor83'
Event: 14426.517 Thread 0x000001baa2ed21b0 Unloading class 0x000001baa4001400 'jdk/internal/reflect/GeneratedSerializationConstructorAccessor82'
Event: 14426.517 Thread 0x000001baa2ed21b0 Unloading class 0x000001baa4001c00 'java/lang/invoke/LambdaForm$MH+0x000001baa4001c00'
Event: 14426.517 Thread 0x000001baa2ed21b0 Unloading class 0x000001baa41a1000 'java/lang/invoke/LambdaForm$MH+0x000001baa41a1000'
Event: 14426.517 Thread 0x000001baa2ed21b0 Unloading class 0x000001baa41e6800 'java/lang/invoke/LambdaForm$MH+0x000001baa41e6800'
Event: 14426.517 Thread 0x000001baa2ed21b0 Unloading class 0x000001baa41fd400 'jdk/internal/reflect/GeneratedSerializationConstructorAccessor81'
Event: 14426.517 Thread 0x000001baa2ed21b0 Unloading class 0x000001baa41fd800 'jdk/internal/reflect/GeneratedSerializationConstructorAccessor80'
Event: 14426.517 Thread 0x000001baa2ed21b0 Unloading class 0x000001baa4201000 'jdk/internal/reflect/GeneratedSerializationConstructorAccessor79'
Event: 14426.517 Thread 0x000001baa2ed21b0 Unloading class 0x000001baa4203000 'jdk/internal/reflect/GeneratedSerializationConstructorAccessor78'
Event: 14426.517 Thread 0x000001baa2ed21b0 Unloading class 0x000001baa4208c00 'jdk/internal/reflect/GeneratedSerializationConstructorAccessor77'
Event: 14426.517 Thread 0x000001baa2ed21b0 Unloading class 0x000001baa4209000 'jdk/internal/reflect/GeneratedSerializationConstructorAccessor76'
Event: 14426.517 Thread 0x000001baa2ed21b0 Unloading class 0x000001baa422a400 'jdk/internal/reflect/GeneratedSerializationConstructorAccessor75'
Event: 15329.317 Thread 0x000001baa2ed21b0 Unloading class 0x000001baa4a78c00 'java/lang/invoke/LambdaForm$MH+0x000001baa4a78c00'
Event: 16226.507 Thread 0x000001baa2ed21b0 Unloading class 0x000001baa49e0000 'java/lang/invoke/LambdaForm$MH+0x000001baa49e0000'
Event: 16226.507 Thread 0x000001baa2ed21b0 Unloading class 0x000001baa49f8c00 'java/lang/invoke/LambdaForm$MH+0x000001baa49f8c00'
Event: 16226.507 Thread 0x000001baa2ed21b0 Unloading class 0x000001baa49fa000 'java/lang/invoke/LambdaForm$MH+0x000001baa49fa000'
Event: 16226.507 Thread 0x000001baa2ed21b0 Unloading class 0x000001baa445cc00 'java/lang/invoke/LambdaForm$MH+0x000001baa445cc00'
Event: 16226.507 Thread 0x000001baa2ed21b0 Unloading class 0x000001baa4514800 'jdk/internal/reflect/GeneratedSerializationConstructorAccessor84'

Classes redefined (0 events):
No events

Internal exceptions (20 events):
Event: 173.931 Thread 0x000001baea8bbc40 Exception <a 'java/lang/NoSuchMethodError'{0x00000000a5272858}: 'java.lang.Object java.lang.invoke.DelegatingMethodHandle$Holder.delegate(java.lang.Object, java.lang.Object, java.lang.Object, java.lang.Object, java.lang.Object, java.lang.Object, java.lang.Object, java.lang.Object, java.lang.Object, java.lang.Object, java.lang.Object, java.lang.Object, java.lang.Object, java.lang.Object, java.lang.Object, java.lang.Object)'> (0x00000000a5272858) 
thrown [s\open\src\hotspot\share\interpreter\linkResolver.cpp
Event: 173.932 Thread 0x000001baea8bbc40 Exception <a 'java/lang/NoSuchMethodError'{0x00000000a527c118}: 'java.lang.Object java.lang.invoke.DelegatingMethodHandle$Holder.reinvoke_L(java.lang.Object, java.lang.Object, java.lang.Object, java.lang.Object, java.lang.Object, java.lang.Object, java.lang.Object, java.lang.Object, java.lang.Object, java.lang.Object, java.lang.Object, java.lang.Object, java.lang.Object, java.lang.Object, java.lang.Object)'> (0x00000000a527c118) 
thrown [s\open\src\hotspot\share\interpreter\linkResolver.cpp, line 773]
Event: 174.002 Thread 0x000001baea8bbc40 Exception <a 'java/lang/IncompatibleClassChangeError'{0x00000000a4fcce20}: Found class java.lang.Object, but interface was expected> (0x00000000a4fcce20) 
thrown [s\open\src\hotspot\share\interpreter\linkResolver.cpp, line 840]
Event: 174.046 Thread 0x000001baea8bbc40 Exception <a 'java/lang/NoSuchMethodError'{0x00000000a4d806a8}: 'int java.lang.invoke.DirectMethodHandle$Holder.invokeStatic(java.lang.Object, java.lang.Object, int, int)'> (0x00000000a4d806a8) 
thrown [s\open\src\hotspot\share\interpreter\linkResolver.cpp, line 773]
Event: 174.107 Thread 0x000001baea8bbc40 Exception <a 'java/lang/NoSuchMethodError'{0x00000000a4be4808}: 'void java.lang.invoke.Invokers$Holder.invokeExact_MT(java.lang.Object, java.lang.Object, int, java.lang.Object)'> (0x00000000a4be4808) 
thrown [s\open\src\hotspot\share\interpreter\linkResolver.cpp, line 773]
Event: 174.172 Thread 0x000001baea8bbc40 Exception <a 'java/lang/NoSuchMethodError'{0x00000000a61bedd0}: 'long java.lang.invoke.DelegatingMethodHandle$Holder.reinvoke_L(java.lang.Object, java.lang.Object)'> (0x00000000a61bedd0) 
thrown [s\open\src\hotspot\share\interpreter\linkResolver.cpp, line 773]
Event: 313.710 Thread 0x000001baea8bc960 Exception <a 'java/lang/NoSuchMethodError'{0x00000000a506bbd0}: static [B.<clinit>()V> (0x00000000a506bbd0) 
thrown [s\open\src\hotspot\share\prims\jni.cpp, line 1111]
Event: 613.653 Thread 0x000001baea8bc960 Exception <a 'java/lang/NoSuchMethodError'{0x00000000a575ea60}: static [B.<clinit>()V> (0x00000000a575ea60) 
thrown [s\open\src\hotspot\share\prims\jni.cpp, line 1111]
Event: 1213.667 Thread 0x000001baea8c0b00 Exception <a 'java/lang/NoSuchMethodError'{0x00000000a58687d0}: static [B.<clinit>()V> (0x00000000a58687d0) 
thrown [s\open\src\hotspot\share\prims\jni.cpp, line 1111]
Event: 1813.694 Thread 0x000001baea8c0b00 Exception <a 'java/lang/NoSuchMethodError'{0x00000000a5c865c0}: static [B.<clinit>()V> (0x00000000a5c865c0) 
thrown [s\open\src\hotspot\share\prims\jni.cpp, line 1111]
Event: 2713.700 Thread 0x000001baea8c0b00 Exception <a 'java/lang/NoSuchMethodError'{0x00000000a5908d00}: static [B.<clinit>()V> (0x00000000a5908d00) 
thrown [s\open\src\hotspot\share\prims\jni.cpp, line 1111]
Event: 3313.716 Thread 0x000001baea8c0b00 Exception <a 'java/lang/NoSuchMethodError'{0x00000000a5f0a9b8}: static [B.<clinit>()V> (0x00000000a5f0a9b8) 
thrown [s\open\src\hotspot\share\prims\jni.cpp, line 1111]
Event: 4213.739 Thread 0x000001baea8bc960 Exception <a 'java/lang/NoSuchMethodError'{0x00000000a5f197a0}: static [B.<clinit>()V> (0x00000000a5f197a0) 
thrown [s\open\src\hotspot\share\prims\jni.cpp, line 1111]
Event: 5413.775 Thread 0x000001baea8bc960 Exception <a 'java/lang/NoSuchMethodError'{0x00000000a5c95718}: static [B.<clinit>()V> (0x00000000a5c95718) 
thrown [s\open\src\hotspot\share\prims\jni.cpp, line 1111]
Event: 6313.827 Thread 0x000001bae942b620 Exception <a 'java/lang/NoSuchMethodError'{0x00000000a6089170}: static [B.<clinit>()V> (0x00000000a6089170) 
thrown [s\open\src\hotspot\share\prims\jni.cpp, line 1111]
Event: 12314.059 Thread 0x000001baea8bc960 Exception <a 'java/lang/NoSuchMethodError'{0x00000000a66b4980}: static [B.<clinit>()V> (0x00000000a66b4980) 
thrown [s\open\src\hotspot\share\prims\jni.cpp, line 1111]
Event: 16599.637 Thread 0x000001bae942b620 Exception <a 'java/lang/NoSuchMethodError'{0x00000000a530b528}: 'java.lang.Object java.lang.invoke.DirectMethodHandle$Holder.newInvokeSpecial(java.lang.Object, java.lang.Object, java.lang.Object, java.lang.Object, int)'> (0x00000000a530b528) 
thrown [s\open\src\hotspot\share\interpreter\linkResolver.cpp, line 773]
Event: 16599.638 Thread 0x000001bae942b620 Exception <a 'java/lang/NoSuchMethodError'{0x00000000a530f1f8}: 'java.lang.Object java.lang.invoke.DirectMethodHandle$Holder.invokeSpecial(java.lang.Object, java.lang.Object, java.lang.Object, java.lang.Object, java.lang.Object, int)'> (0x00000000a530f1f8) 
thrown [s\open\src\hotspot\share\interpreter\linkResolver.cpp, line 773]
Event: 16599.638 Thread 0x000001bae942b620 Exception <a 'java/lang/NoSuchMethodError'{0x00000000a53127c8}: 'java.lang.Object java.lang.invoke.Invokers$Holder.linkToTargetMethod(java.lang.Object, java.lang.Object, java.lang.Object, int, java.lang.Object)'> (0x00000000a53127c8) 
thrown [s\open\src\hotspot\share\interpreter\linkResolver.cpp, line 773]
Event: 16601.746 Thread 0x000001bae942c340 Exception <a 'java/lang/InterruptedException'{0x00000000a52ff3e8}: sleep interrupted> (0x00000000a52ff3e8) 
thrown [s\open\src\hotspot\share\prims\jvm.cpp, line 3074]

ZGC Phase Switch (0 events):
No events

VM Operations (20 events):
Event: 15329.302 Executing VM operation: G1CollectForAllocation (G1 Evacuation Pause) done
Event: 15329.315 Executing VM operation: G1PauseRemark
Event: 15329.322 Executing VM operation: G1PauseRemark done
Event: 15329.327 Executing VM operation: G1PauseCleanup
Event: 15329.327 Executing VM operation: G1PauseCleanup done
Event: 15425.107 Executing VM operation: Cleanup
Event: 15425.107 Executing VM operation: Cleanup done
Event: 15561.154 Executing VM operation: Cleanup
Event: 15561.154 Executing VM operation: Cleanup done
Event: 15777.090 Executing VM operation: G1CollectForAllocation (G1 Evacuation Pause)
Event: 15777.092 Executing VM operation: G1CollectForAllocation (G1 Evacuation Pause) done
Event: 16226.488 Executing VM operation: G1CollectForAllocation (G1 Evacuation Pause)
Event: 16226.491 Executing VM operation: G1CollectForAllocation (G1 Evacuation Pause) done
Event: 16226.506 Executing VM operation: G1PauseRemark
Event: 16226.513 Executing VM operation: G1PauseRemark done
Event: 16226.519 Executing VM operation: G1PauseCleanup
Event: 16226.519 Executing VM operation: G1PauseCleanup done
Event: 16599.876 Executing VM operation: Cleanup
Event: 16600.712 Executing VM operation: Cleanup done
Event: 16601.747 Executing VM operation: G1CollectFull (System.gc())

Events (20 events):
Event: 16599.661 Thread 0x000001baea8bf750 Thread exited: 0x000001baea8bf750
Event: 16599.662 Thread 0x000001baea8ba890 Thread exited: 0x000001baea8ba890
Event: 16599.664 Thread 0x000001baea8bfde0 Thread exited: 0x000001baea8bfde0
Event: 16599.667 Thread 0x000001baea8bf0c0 Thread exited: 0x000001baea8bf0c0
Event: 16599.667 Thread 0x000001baea8bb5b0 Thread exited: 0x000001baea8bb5b0
Event: 16599.667 Thread 0x000001baea8be3a0 Thread exited: 0x000001baea8be3a0
Event: 16599.667 Thread 0x000001baea8bd680 Thread exited: 0x000001baea8bd680
Event: 16599.667 Thread 0x000001baea8bea30 Thread exited: 0x000001baea8bea30
Event: 16599.667 Thread 0x000001baea8bc2d0 Thread exited: 0x000001baea8bc2d0
Event: 16599.668 Thread 0x000001baea8bdd10 Thread exited: 0x000001baea8bdd10
Event: 16599.668 Thread 0x000001baea8bbc40 Thread exited: 0x000001baea8bbc40
Event: 16599.668 Thread 0x000001baea8ba200 Thread exited: 0x000001baea8ba200
Event: 16599.668 Thread 0x000001baea8bcff0 Thread exited: 0x000001baea8bcff0
Event: 16599.693 Thread 0x000001baea8bbc40 Thread added: 0x000001baea8bbc40
Event: 16599.694 Thread 0x000001baea8baf20 Thread exited: 0x000001baea8baf20
Event: 16601.723 Thread 0x000001bae86a6a10 Thread exited: 0x000001bae86a6a10
Event: 16601.724 Thread 0x000001baea8bbc40 Thread exited: 0x000001baea8bbc40
Event: 16601.745 Thread 0x000001bae942c9d0 Thread exited: 0x000001bae942c9d0
Event: 16601.745 Thread 0x000001bae942bcb0 Thread exited: 0x000001bae942bcb0
Event: 16601.746 Thread 0x000001bae942c340 Thread exited: 0x000001bae942c340


Dynamic libraries:
0x00007ff69e680000 - 0x00007ff69e690000 	C:\Program Files\Java\jdk-21.0.10\bin\java.exe
0x00007ffc1aa00000 - 0x00007ffc1ac66000 	C:\WINDOWS\SYSTEM32\ntdll.dll
0x00007ffc194d0000 - 0x00007ffc19599000 	C:\WINDOWS\System32\KERNEL32.DLL
0x00007ffc17e90000 - 0x00007ffc1828a000 	C:\WINDOWS\System32\KERNELBASE.dll
0x00007ffc14c60000 - 0x00007ffc14d00000 	C:\WINDOWS\SYSTEM32\apphelp.dll
0x00007ffc14c40000 - 0x00007ffc14c59000 	C:\Program Files\Java\jdk-21.0.10\bin\jli.dll
0x00007ffc19c60000 - 0x00007ffc19d16000 	C:\WINDOWS\System32\ADVAPI32.dll
0x00007ffc19b40000 - 0x00007ffc19be9000 	C:\WINDOWS\System32\msvcrt.dll
0x00007ffc19320000 - 0x00007ffc193ca000 	C:\WINDOWS\System32\sechost.dll
0x00007ffc18770000 - 0x00007ffc18888000 	C:\WINDOWS\System32\RPCRT4.dll
0x00007ffc19130000 - 0x00007ffc192f7000 	C:\WINDOWS\System32\USER32.dll
0x00007ffc17c90000 - 0x00007ffc17ddc000 	C:\WINDOWS\System32\ucrtbase.dll
0x00007ffc18290000 - 0x00007ffc182b7000 	C:\WINDOWS\System32\win32u.dll
0x00007ffc1a240000 - 0x00007ffc1a26b000 	C:\WINDOWS\System32\GDI32.dll
0x00007ffc182c0000 - 0x00007ffc183eb000 	C:\WINDOWS\System32\gdi32full.dll
0x00007ffc17de0000 - 0x00007ffc17e83000 	C:\WINDOWS\System32\msvcp_win.dll
0x00007ffc14b80000 - 0x00007ffc14b9e000 	C:\Program Files\Java\jdk-21.0.10\bin\VCRUNTIME140.dll
0x00007ffbf4690000 - 0x00007ffbf4922000 	C:\WINDOWS\WinSxS\amd64_microsoft.windows.common-controls_6595b64144ccf1df_6.0.26100.8521_none_3e08b75ce33403b3\COMCTL32.dll
0x00007ffc11820000 - 0x00007ffc1182b000 	C:\WINDOWS\SYSTEM32\VERSION.dll
0x00007ffc19b00000 - 0x00007ffc19b32000 	C:\WINDOWS\System32\IMM32.DLL
0x00007ffc12e70000 - 0x00007ffc12e7c000 	C:\Program Files\Java\jdk-21.0.10\bin\vcruntime140_1.dll
0x00007ffbeba90000 - 0x00007ffbebb1d000 	C:\Program Files\Java\jdk-21.0.10\bin\msvcp140.dll
0x00007ffba7710000 - 0x00007ffba8437000 	C:\Program Files\Java\jdk-21.0.10\bin\server\jvm.dll
0x00007ffc1a030000 - 0x00007ffc1a0b0000 	C:\WINDOWS\System32\WS2_32.dll
0x00007ffc17af0000 - 0x00007ffc17b4e000 	C:\WINDOWS\SYSTEM32\POWRPROF.dll
0x00007ffc106d0000 - 0x00007ffc10706000 	C:\WINDOWS\SYSTEM32\WINMM.dll
0x00007ffc17ad0000 - 0x00007ffc17ae4000 	C:\WINDOWS\SYSTEM32\UMPDC.dll
0x00007ffc169e0000 - 0x00007ffc169fb000 	C:\WINDOWS\SYSTEM32\kernel.appcore.dll
0x00007ffc12e60000 - 0x00007ffc12e6a000 	C:\Program Files\Java\jdk-21.0.10\bin\jimage.dll
0x00007ffc0aa40000 - 0x00007ffc0ac82000 	C:\WINDOWS\SYSTEM32\DBGHELP.DLL
0x00007ffc1a2f0000 - 0x00007ffc1a673000 	C:\WINDOWS\System32\combase.dll
0x00007ffc19da0000 - 0x00007ffc19e79000 	C:\WINDOWS\System32\OLEAUT32.dll
0x00007ffc0aa00000 - 0x00007ffc0aa3b000 	C:\WINDOWS\SYSTEM32\dbgcore.DLL
0x00007ffc186c0000 - 0x00007ffc18768000 	C:\WINDOWS\System32\bcryptPrimitives.dll
0x00007ffc0db20000 - 0x00007ffc0db30000 	C:\Program Files\Java\jdk-21.0.10\bin\instrument.dll
0x00007ffc0db30000 - 0x00007ffc0db51000 	C:\Program Files\Java\jdk-21.0.10\bin\java.dll
0x00007ffc18950000 - 0x00007ffc190d4000 	C:\WINDOWS\System32\SHELL32.dll
0x00007ffc15830000 - 0x00007ffc160b0000 	C:\WINDOWS\SYSTEM32\windows.storage.dll
0x00007ffc1a0e0000 - 0x00007ffc1a1d6000 	C:\WINDOWS\System32\SHCORE.dll
0x00007ffc19bf0000 - 0x00007ffc19c57000 	C:\WINDOWS\System32\shlwapi.dll
0x00007ffc17bb0000 - 0x00007ffc17bd9000 	C:\WINDOWS\SYSTEM32\profapi.dll
0x00007ffc012d0000 - 0x00007ffc012e8000 	C:\Program Files\Java\jdk-21.0.10\bin\zip.dll
0x00007ffc11830000 - 0x00007ffc11841000 	C:\Program Files\Java\jdk-21.0.10\bin\net.dll
0x00007ffc108d0000 - 0x00007ffc109f9000 	C:\WINDOWS\SYSTEM32\WINHTTP.dll
0x00007ffc16f30000 - 0x00007ffc16f9c000 	C:\WINDOWS\system32\mswsock.dll
0x00007ffc070e0000 - 0x00007ffc070f6000 	C:\Program Files\Java\jdk-21.0.10\bin\nio.dll
0x00007ffc16450000 - 0x00007ffc1659a000 	C:\WINDOWS\SYSTEM32\DNSAPI.dll
0x00007ffc16d70000 - 0x00007ffc16d7d000 	C:\WINDOWS\SYSTEM32\DSPARSE.dll
0x00007ffc163c0000 - 0x00007ffc163f3000 	C:\WINDOWS\SYSTEM32\IPHLPAPI.DLL
0x00007ffc195a0000 - 0x00007ffc195aa000 	C:\WINDOWS\System32\NSI.dll
0x00007ffc08830000 - 0x00007ffc0883b000 	C:\Windows\System32\rasadhlp.dll
0x00007ffc0ca60000 - 0x00007ffc0cae6000 	C:\WINDOWS\System32\fwpuclnt.dll
0x00007ffc012c0000 - 0x00007ffc012c9000 	C:\Program Files\Java\jdk-21.0.10\bin\extnet.dll
0x00007ffc012b0000 - 0x00007ffc012ba000 	C:\Program Files\Java\jdk-21.0.10\bin\management.dll
0x00007ffc012a0000 - 0x00007ffc012ac000 	C:\Program Files\Java\jdk-21.0.10\bin\management_ext.dll
0x00007ffc1a020000 - 0x00007ffc1a028000 	C:\WINDOWS\System32\PSAPI.DLL
0x00007ffc17330000 - 0x00007ffc1734b000 	C:\WINDOWS\SYSTEM32\CRYPTSP.dll
0x00007ffc16940000 - 0x00007ffc16979000 	C:\WINDOWS\system32\rsaenh.dll
0x00007ffc16fe0000 - 0x00007ffc17013000 	C:\WINDOWS\SYSTEM32\USERENV.dll
0x00007ffc17b80000 - 0x00007ffc17baa000 	C:\WINDOWS\SYSTEM32\bcrypt.dll
0x00007ffc17190000 - 0x00007ffc1719c000 	C:\WINDOWS\SYSTEM32\CRYPTBASE.dll
0x00007ffbfc210000 - 0x00007ffbfc228000 	C:\WINDOWS\system32\napinsp.dll
0x00007ffbfc1f0000 - 0x00007ffbfc203000 	C:\WINDOWS\System32\winrnr.dll
0x00007ffbfc1c0000 - 0x00007ffbfc1e2000 	C:\WINDOWS\system32\nlansp_c.dll
0x00007ffbfc1a0000 - 0x00007ffbfc1b6000 	C:\WINDOWS\system32\wshbth.dll
0x00007ffc05b80000 - 0x00007ffc05bd8000 	C:\WINDOWS\SYSTEM32\pdh.dll
0x00007ffbfbf40000 - 0x00007ffbfbf4e000 	C:\Program Files\Java\jdk-21.0.10\bin\sunmscapi.dll
0x00007ffc18540000 - 0x00007ffc186b8000 	C:\WINDOWS\System32\CRYPT32.dll
0x00007ffc17490000 - 0x00007ffc174c0000 	C:\WINDOWS\SYSTEM32\ncrypt.dll
0x00007ffc17440000 - 0x00007ffc1747f000 	C:\WINDOWS\SYSTEM32\NTASN1.dll
0x00007ffc0be60000 - 0x00007ffc0be68000 	C:\WINDOWS\system32\wshunix.dll
0x00007ffc16c80000 - 0x00007ffc16cc9000 	C:\WINDOWS\SYSTEM32\SspiCli.dll
0x00007ffc0dea0000 - 0x00007ffc0deb2000 	C:\WINDOWS\System32\perfproc.dll

dbghelp: loaded successfully - version: 4.0.5 - missing functions: none
symbol engine: initialized successfully - sym options: 0x614 - pdb path: .;C:\Program Files\Java\jdk-21.0.10\bin;C:\WINDOWS\SYSTEM32;C:\WINDOWS\WinSxS\amd64_microsoft.windows.common-controls_6595b64144ccf1df_6.0.26100.8521_none_3e08b75ce33403b3;C:\Program Files\Java\jdk-21.0.10\bin\server

VM Arguments:
jvm_args: -XX:TieredStopAtLevel=1 -Dspring.output.ansi.enabled=always -Dcom.sun.management.jmxremote -Dspring.jmx.enabled=true -Dspring.liveBeansView.mbeanDomain -Dspring.application.admin.enabled=true -Dmanagement.endpoints.jmx.exposure.include=* -javaagent:C:\Program Files\JetBrains\IntelliJ IDEA 2025.3.3\lib\idea_rt.jar=61418 -Dfile.encoding=UTF-8 -Dsun.stdout.encoding=UTF-8 -Dsun.stderr.encoding=UTF-8 
java_command: edu.co.sena.worksite.WorksiteApplication
java_class_path (initial): D:\worksite\worksite\target\classes;C:\Users\PC_WIN11\.m2\repository\org\springframework\boot\spring-boot-starter-data-jpa\4.0.5\spring-boot-starter-data-jpa-4.0.5.jar;C:\Users\PC_WIN11\.m2\repository\org\springframework\boot\spring-boot-starter-jdbc\4.0.5\spring-boot-starter-jdbc-4.0.5.jar;C:\Users\PC_WIN11\.m2\repository\com\zaxxer\HikariCP\7.0.2\HikariCP-7.0.2.jar;C:\Users\PC_WIN11\.m2\repository\org\slf4j\slf4j-api\2.0.17\slf4j-api-2.0.17.jar;C:\Users\PC_WIN11\.m2\repository\org\springframework\boot\spring-boot-data-jpa\4.0.5\spring-boot-data-jpa-4.0.5.jar;C:\Users\PC_WIN11\.m2\repository\org\springframework\boot\spring-boot-data-commons\4.0.5\spring-boot-data-commons-4.0.5.jar;C:\Users\PC_WIN11\.m2\repository\org\springframework\boot\spring-boot-persistence\4.0.5\spring-boot-persistence-4.0.5.jar;C:\Users\PC_WIN11\.m2\repository\org\springframework\data\spring-data-commons\4.0.4\spring-data-commons-4.0.4.jar;C:\Users\PC_WIN11\.m2\repository\org\springframework\boot\spring-boot-hibernate\4.0.5\spring-boot-hibernate-4.0.5.jar;C:\Users\PC_WIN11\.m2\repository\org\springframework\boot\spring-boot-jpa\4.0.5\spring-boot-jpa-4.0.5.jar;C:\Users\PC_WIN11\.m2\repository\jakarta\persistence\jakarta.persistence-api\3.2.0\jakarta.persistence-api-3.2.0.jar;C:\Users\PC_WIN11\.m2\repository\org\hibernate\orm\hibernate-core\7.2.7.Final\hibernate-core-7.2.7.Final.jar;C:\Users\PC_WIN11\.m2\repository\jakarta\transaction\jakarta.transaction-api\2.0.1\jakarta.transaction-api-2.0.1.jar;C:\Users\PC_WIN11\.m2\repository\org\hibernate\models\hibernate-models\1.0.1\hibernate-models-1.0.1.jar;C:\Users\PC_WIN11\.m2\repository\org\glassfish\jaxb\jaxb-runtime\4.0.6\jaxb-runtime-4.0.6.jar;C:\Users\PC_WIN11\.m2\repository\org\glassfish\jaxb\jaxb-core\4.0.6\jaxb-core-4.0.6.jar;C:\Users\PC_WIN11\.m2\repository\org\eclipse\angus\angus-activation\2.0.3\angus-activation-2.0.3.jar;C:\Users\PC_WIN11\.m2\repository\org\glassfish\jaxb\txw2\4.0.6\txw2-4.0.6.jar;C:\Users\PC_WIN11\.m2\repository\com\sun\istack\istack-commons-runtime\4.1.2\istack-commons-runtime-4.1.2.jar;C:\Users\PC_WIN11\.m2\repository\jakarta\inject\jakarta.inject-api\2.0.1\jakarta.inject-api-2.0.1.jar;C:\Users\PC_WIN11\.m2\repository\org\springframework\spring-orm\7.0.6\spring-orm-7.0.6.jar;C:\Users\PC_WIN11\.m2\repository\org\springframework\data\spring-data-jpa\4.0.4\spring-data-jpa-4.0.4.jar;C:\Users\PC_WIN11\.m2\repository\org\springframework\spring-aop\7.0.6\spring-aop-7.0.6.jar;C:\Users\PC_WIN11\.m2\repository\org\springframework\spring-tx\7.0.6\spring-tx-7.0.6.jar;C:\Users\PC_WIN11\.m2\repository\org\antlr\antlr4-runtime\4.13.2\antlr4-runtime-4.13.2.jar;C:\Users\PC_WIN11\.m2\repository\org\springframework\spring-aspects\7.0.6\spring-aspects-7.0.6.jar;C:\Users\PC_WIN11\.m2\repository\org\aspectj\aspectjweaver\1.9.25.1\aspectjweaver-1.9.25.1.jar;C:\Users\PC_WIN11\.m2\repository\org\springframework\boot\spring-boot-jdbc\4.0.5\spring-boot-jdbc-4.0.5.jar;C:\Users\PC_WIN11\.m2\repository\org\springframework\boot\spring-boot-sql\4.0.5\spring-boot-sql-4.0.5.jar;C:\Users\PC_WIN11\.m2\repository\org\springframework\boot\spring-boot-transaction\4.0.5\spring-boot-transaction-4.0.5.jar;C:\Users\PC_WIN11\.m2\repository\org\springframework\spring-jdbc\7.0.6\spring-jdbc-7.0.6.jar;C:\Users\PC_WIN11\.m2\repository\org\springframework\boot\spring-boot-starter-validation\4.0.5\spring-boot-starter-validation-4.0.5.jar;C:\Users\PC_WIN11\.m2\repository\org\springframework\boot\spring-boot-validation\4.0.5\spring-boot-validation-4.0.5.jar;C:\Users\PC_WIN11\.m2\repository\org\apache\tomcat\embed\tomcat-embed-el\11.0.20\tomcat-embed-el-11.0.20.jar;C:\Users\PC_WIN11\.m2\repository\org\hibernate\validator\hibernate-validator\9.0.1.Final\hibernate-validator-9.0.1.Final.jar;C:\Users\PC_WIN11\.m2\repository\jakarta\validation\jakarta.validation-api\3.1.1\jakarta.validation-api-3.1.1.jar;C:\Users\PC_WIN11\.m2\repository\org\jboss\logging\jboss-logging\3.6.3.Final\jboss-logging-3.6.3.Final.jar;C:\Users\PC_WIN11\.m2\repository\com\fasterxml\classmate\1.7.3\classmate-1.7.3.jar;C:\Users\PC_WIN11\.m2\repository\org\springframework\boot\spring-boot-starter\4.0.5\spring-boot-starter-4.0.5.jar;C:\Users\PC_WIN11\.m2\repository\org\springframework\boot\spring-boot-starter-logging\4.0.5\spring-boot-starter-logging-4.0.5.jar;C:\Users\PC_WIN11\.m2\repository\ch\qos\logback\logback-classic\1.5.32\logback-classic-1.5.32.jar;C:\Users\PC_WIN11\.m2\repository\ch\qos\logback\logback-core\1.5.32\logback-core-1.5.32.jar;C:\Users\PC_WIN11\.m2\repository\org\apache\logging\log4j\log4j-to-slf4j\2.25.3\log4j-to-slf4j-2.25.3.jar;C:\Users\PC_WIN11\.m2\repository\org\apache\logging\log4j\log4j-api\2.25.3\log4j-api-2.25.3.jar;C:\Users\PC_WIN11\.m2\repository\org\slf4j\jul-to-slf4j\2.0.17\jul-to-slf4j-2.0.17.jar;C:\Users\PC_WIN11\.m2\repository\jakarta\annotation\jakarta.annotation-api\3.0.0\jakarta.annotation-api-3.0.0.jar;C:\Users\PC_WIN11\.m2\repository\org\yaml\snakeyaml\2.5\snakeyaml-2.5.jar;C:\Users\PC_WIN11\.m2\repository\org\springframework\boot\spring-boot-autoconfigure\4.1.0-M4\spring-boot-autoconfigure-4.1.0-M4.jar;C:\Users\PC_WIN11\.m2\repository\org\springframework\boot\spring-boot\4.0.5\spring-boot-4.0.5.jar;C:\Users\PC_WIN11\.m2\repository\org\springframework\spring-context\7.0.6\spring-context-7.0.6.jar;C:\Users\PC_WIN11\.m2\repository\org\springframework\spring-expression\7.0.6\spring-expression-7.0.6.jar;C:\Users\PC_WIN11\.m2\repository\io\micrometer\micrometer-observation\1.16.4\micrometer-observation-1.16.4.jar;C:\Users\PC_WIN11\.m2\repository\io\micrometer\micrometer-commons\1.16.4\micrometer-commons-1.16.4.jar;C:\Users\PC_WIN11\.m2\repository\org\springframework\boot\spring-boot-starter-webmvc\4.0.5\spring-boot-starter-webmvc-4.0.5.jar;C:\Users\PC_WIN11\.m2\repository\org\springframework\boot\spring-boot-starter-jackson\4.0.5\spring-boot-starter-jackson-4.0.5.jar;C:\Users\PC_WIN11\.m2\repository\org\springframework\boot\spring-boot-jackson\4.0.5\spring-boot-jackson-4.0.5.jar;C:\Users\PC_WIN11\.m2\repository\tools\jackson\core\jackson-databind\3.1.0\jackson-databind-3.1.0.jar;C:\Users\PC_WIN11\.m2\repository\com\fasterxml\jackson\core\jackson-annotations\2.21\jackson-annotations-2.21.jar;C:\Users\PC_WIN11\.m2\repository\tools\jackson\core\jackson-core\3.1.0\jackson-core-3.1.0.jar;C:\Users\PC_WIN11\.m2\repository\org\springframework\boot\spring-boot-starter-tomcat\4.0.5\spring-boot-starter-tomcat-4.0.5.jar;C:\Users\PC_WIN11\.m2\repository\org\springframework\boot\spring-boot-starter-tomcat-runtime\4.0.5\spring-boot-starter-tomcat-runtime-4.0.5.jar;C:\Users\PC_WIN11\.m2\repository\org\apache\tomcat\embed\tomcat-embed-core\11.0.20\tomcat-embed-core-11.0.20.jar;C:\Users\PC_WIN11\.m2\repository\org\apache\tomcat\embed\tomcat-embed-websocket\11.0.20\tomcat-embed-websocket-11.0.20.jar;C:\Users\PC_WIN11\.m2\repository\org\springframework\boot\spring-boot-tomcat\4.0.5\spring-boot-tomcat-4.0.5.jar;C:\Users\PC_WIN11\.m2\repository\org\springframework\boot\spring-boot-http-converter\4.0.5\spring-boot-http-converter-4.0.5.jar;C:\Users\PC_WIN11\.m2\repository\org\springframework\spring-web\7.0.6\spring-web-7.0.6.jar;C:\Users\PC_WIN11\.m2\repository\org\springframework\boot\spring-boot-webmvc\4.0.5\spring-boot-webmvc-4.0.5.jar;C:\Users\PC_WIN11\.m2\repository\org\springframework\boot\spring-boot-servlet\4.0.5\spring-boot-servlet-4.0.5.jar;C:\Users\PC_WIN11\.m2\repository\org\springframework\spring-webmvc\7.0.6\spring-webmvc-7.0.6.jar;C:\Users\PC_WIN11\.m2\repository\org\springframework\boot\spring-boot-devtools\4.0.5\spring-boot-devtools-4.0.5.jar;C:\Users\PC_WIN11\.m2\repository\org\springframework\spring-beans\7.0.7\spring-beans-7.0.7.jar;C:\Users\PC_WIN11\.m2\repository\org\springframework\spring-core\7.0.6\spring-core-7.0.6.jar;C:\Users\PC_WIN11\.m2\repository\commons-logging\commons-logging\1.3.6\commons-logging-1.3.6.jar;C:\Users\PC_WIN11\.m2\repository\org\jspecify\jspecify\1.0.0\jspecify-1.0.0.jar;C:\Users\PC_WIN11\.m2\repository\org\projectlombok\lombok\1.18.44\lombok-1.18.44.jar;C:\Users\PC_WIN11\.m2\repository\com\mysql\mysql-connector-j\9.6.0\mysql-connector-j-9.6.0.jar;C:\Users\PC_WIN11\.m2\repository\jakarta\xml\bind\jakarta.xml.bind-api\4.0.4\jakarta.xml.bind-api-4.0.4.jar;C:\Users\PC_WIN11\.m2\repository\jakarta\activation\jakarta.activation-api\2.1.4\jakarta.activation-api-2.1.4.jar;C:\Users\PC_WIN11\.m2\repository\net\bytebuddy\byte-buddy\1.17.8\byte-buddy-1.17.8.jar;C:\Users\PC_WIN11\.m2\repository\org\springframework\boot\spring-boot-web-server\4.0.5\spring-boot-web-server-4.0.5.jar
Launcher Type: SUN_STANDARD

[Global flags]
     intx CICompilerCount                          = 4                                         {product} {ergonomic}
     uint ConcGCThreads                            = 3                                         {product} {ergonomic}
     uint G1ConcRefinementThreads                  = 10                                        {product} {ergonomic}
   size_t G1HeapRegionSize                         = 1048576                                   {product} {ergonomic}
    uintx GCDrainStackTargetSize                   = 64                                        {product} {ergonomic}
   size_t InitialHeapSize                          = 98566144                                  {product} {ergonomic}
     bool ManagementServer                         = true                                      {product} {command line}
   size_t MarkStackSize                            = 4194304                                   {product} {ergonomic}
   size_t MaxHeapSize                              = 1570766848                                {product} {ergonomic}
   size_t MaxNewSize                               = 941621248                                 {product} {ergonomic}
   size_t MinHeapDeltaBytes                        = 1048576                                   {product} {ergonomic}
   size_t MinHeapSize                              = 8388608                                   {product} {ergonomic}
    uintx NonNMethodCodeHeapSize                   = 4096                                   {pd product} {ergonomic}
    uintx NonProfiledCodeHeapSize                  = 0                                      {pd product} {ergonomic}
     bool ProfileInterpreter                       = false                                  {pd product} {command line}
    uintx ProfiledCodeHeapSize                     = 0                                      {pd product} {ergonomic}
   size_t SoftMaxHeapSize                          = 1570766848                             {manageable} {ergonomic}
     intx TieredStopAtLevel                        = 1                                         {product} {command line}
     bool UseCompressedOops                        = true                           {product lp64_product} {ergonomic}
     bool UseG1GC                                  = true                                      {product} {ergonomic}
     bool UseLargePagesIndividualAllocation        = false                                  {pd product} {ergonomic}

Logging:
Log output configuration:
 #0: stdout all=warning uptime,level,tags foldmultilines=false
 #1: stderr all=off uptime,level,tags foldmultilines=false

Environment Variables:
JAVA_HOME=C:\Program Files\Java\jdk-21.0.10
PATH=C:\Program Files (x86)\Common Files\Oracle\Java\java8path;C:\Program Files (x86)\Common Files\Oracle\Java\javapath;C:\WINDOWS;C:\WINDOWS\System32\Wbem;C:\WINDOWS\System32\WindowsPowerShell\v1.0\;C:\WINDOWS\System32\OpenSSH\;C:\Program Files\nodejs\;C:\Program Files\Git\cmd;C:\Users\PC_WIN11\AppData\Local\Programs\Python\Launcher\;C:\Users\PC_WIN11\AppData\Local\Microsoft\WindowsApps;C:\Users\PC_WIN11\AppData\Local\Programs\Microsoft VS Code\bin;C:\Users\PC_WIN11\AppData\Roaming\npm;C:\Program Files\Java\jdk-21.0.10\bin
USERNAME=PC_WIN11
OS=Windows_NT
PROCESSOR_IDENTIFIER=AMD64 Family 23 Model 104 Stepping 1, AuthenticAMD
TMP=C:\Users\PC_WIN11\AppData\Local\Temp
TEMP=C:\Users\PC_WIN11\AppData\Local\Temp




Periodic native trim disabled

---------------  S Y S T E M  ---------------

OS:
 Windows 11 , 64 bit Build 26100 (10.0.26100.8521)
OS uptime: 3 days 20:05 hours
Hyper-V role detected

CPU: total 12 (initial active 12) (12 cores per cpu, 2 threads per core) family 23 model 104 stepping 1 microcode 0x8608109, cx8, cmov, fxsr, ht, mmx, 3dnowpref, sse, sse2, sse3, ssse3, sse4a, sse4.1, sse4.2, popcnt, lzcnt, tsc, tscinvbit, avx, avx2, aes, clmul, bmi1, bmi2, adx, sha, fma, vzeroupper, clflush, clflushopt, hv, rdtscp, rdpid, f16c
Processor Information for all 12 processors :
  Max Mhz: 2100, Current Mhz: 2100, Mhz Limit: 2100

Memory: 4k page, system-wide physical 5989M (564M free)
TotalPageFile size 48925M (AvailPageFile size 0M)
current process WorkingSet (physical memory assigned to process): 214M, peak: 231M
current process commit charge ("private bytes"): 309M, peak: 310M

vm_info: Java HotSpot(TM) 64-Bit Server VM (21.0.10+8-LTS-217) for windows-amd64 JRE (21.0.10+8-LTS-217), built on 2025-12-18T14:59:28Z by "mach5run" with MS VC++ 17.13 (VS2022)

END.
